Component: ARM Compiler 5.06 update 6 (build 750) Tool: armlink [4d35ed]

==============================================================================

Section Cross References

    main.o(i.SystemClock_Config) refers to stm32f1xx_ll_utils.o(i.LL_Init1msTick) for LL_Init1msTick
    main.o(i.SystemClock_Config) refers to stm32f1xx_ll_utils.o(i.LL_SetSystemCoreClock) for LL_SetSystemCoreClock
    main.o(i.main) refers to main.o(i.SystemClock_Config) for SystemClock_Config
    main.o(i.main) refers to voile.o(i.Config_voiles) for Config_voiles
    main.o(i.main) refers to voile.o(i.Config_girouette) for Config_girouette
    main.o(i.main) refers to accelero.o(i.adc_gpio_conf) for adc_gpio_conf
    main.o(i.main) refers to accelero.o(i.start_adc) for start_adc
    main.o(i.main) refers to accelero.o(i.uart_conf) for uart_conf
    main.o(i.main) refers to plateau.o(i.config_plateau) for config_plateau
    main.o(i.main) refers to accelero.o(i.read_adc_angle) for read_adc_angle
    main.o(i.main) refers to accelero.o(i.sup45) for sup45
    main.o(i.main) refers to voile.o(i.Gestion_Index) for Gestion_Index
    main.o(i.main) refers to voile.o(i.Run_Vent) for Run_Vent
    main.o(i.main) refers to plateau.o(i.commander_plateau) for commander_plateau
    main.o(i.main) refers to accelero.o(i.lvlBatt) for lvlBatt
    main.o(i.main) refers to accelero.o(i.isBattLow) for isBattLow
    main.o(i.main) refers to accelero.o(i.sendAlerte) for sendAlerte
    voile.o(i.Calcul_teta) refers to dflti.o(.text) for __aeabi_i2d
    voile.o(i.Calcul_teta) refers to dmul.o(.text) for __aeabi_dmul
    voile.o(i.Calcul_teta) refers to dadd.o(.text) for __aeabi_dadd
    voile.o(i.Calcul_teta) refers to dfixi.o(.text) for __aeabi_d2iz
    voile.o(i.Config_GPIO) refers to voile.o(i.LL_APB2_GRP1_EnableClock) for LL_APB2_GRP1_EnableClock
    voile.o(i.Config_GPIO) refers to voile.o(i.LL_GPIO_SetPinMode) for LL_GPIO_SetPinMode
    voile.o(i.Config_GPIO) refers to stm32f1xx_ll_gpio.o(i.LL_GPIO_Init) for LL_GPIO_Init
    voile.o(i.Config_TIM) refers to voile.o(i.LL_APB2_GRP1_EnableClock) for LL_APB2_GRP1_EnableClock
    voile.o(i.Config_TIM) refers to voile.o(i.LL_TIM_EnableCounter) for LL_TIM_EnableCounter
    voile.o(i.Config_TIM) refers to voile.o(i.LL_TIM_OC_SetMode) for LL_TIM_OC_SetMode
    voile.o(i.Config_TIM) refers to voile.o(i.LL_TIM_SetAutoReload) for LL_TIM_SetAutoReload
    voile.o(i.Config_TIM) refers to stm32f1xx_ll_tim.o(i.LL_TIM_ENCODER_Init) for LL_TIM_ENCODER_Init
    voile.o(i.Config_girouette) refers to voile.o(i.Config_TIM) for Config_TIM
    voile.o(i.Config_girouette) refers to voile.o(i.Config_GPIO) for Config_GPIO
    voile.o(i.Config_voiles) refers to voile.o(i.Config_TIM) for Config_TIM
    voile.o(i.Config_voiles) refers to voile.o(i.Config_GPIO) for Config_GPIO
    voile.o(i.LL_TIM_OC_SetMode) refers to voile.o(.constdata) for OFFSET_TAB_CCMRx
    voile.o(i.Run_Vent) refers to voile.o(i.Angle_Girouette) for Angle_Girouette
    voile.o(i.Run_Vent) refers to voile.o(i.Calcul_teta) for Calcul_teta
    voile.o(i.Run_Vent) refers to voile.o(i.Set_Voile) for Set_Voile
    accelero.o(i.adc_gpio_conf) refers to accelero.o(i.LL_APB2_GRP1_EnableClock) for LL_APB2_GRP1_EnableClock
    accelero.o(i.adc_gpio_conf) refers to memcpya.o(.text) for __aeabi_memcpy4
    accelero.o(i.adc_gpio_conf) refers to stm32f1xx_ll_adc.o(i.LL_ADC_REG_Init) for LL_ADC_REG_Init
    accelero.o(i.adc_gpio_conf) refers to accelero.o(i.LL_GPIO_SetPinMode) for LL_GPIO_SetPinMode
    accelero.o(i.adc_gpio_conf) refers to accelero.o(.constdata) for .constdata
    accelero.o(i.inf35) refers to cfcmple.o(.text) for __aeabi_cfcmple
    accelero.o(i.isBattLow) refers to f2d.o(.text) for __aeabi_f2d
    accelero.o(i.isBattLow) refers to cdcmple.o(.text) for __aeabi_cdcmple
    accelero.o(i.isFucked) refers to accelero.o(i.sup45) for sup45
    accelero.o(i.isFucked) refers to accelero.o(i.inf35) for inf35
    accelero.o(i.lvlBatt) refers to accelero.o(i.LL_ADC_REG_SetSequencerRanks) for LL_ADC_REG_SetSequencerRanks
    accelero.o(i.lvlBatt) refers to accelero.o(i.LL_ADC_REG_StartConversionSWStart) for LL_ADC_REG_StartConversionSWStart
    accelero.o(i.lvlBatt) refers to accelero.o(i.LL_ADC_IsActiveFlag_EOS) for LL_ADC_IsActiveFlag_EOS
    accelero.o(i.lvlBatt) refers to ffltui.o(.text) for __aeabi_ui2f
    accelero.o(i.lvlBatt) refers to f2d.o(.text) for __aeabi_f2d
    accelero.o(i.lvlBatt) refers to dmul.o(.text) for __aeabi_dmul
    accelero.o(i.lvlBatt) refers to ddiv.o(.text) for __aeabi_ddiv
    accelero.o(i.lvlBatt) refers to d2f.o(.text) for __aeabi_d2f
    accelero.o(i.read_adc_angle) refers to accelero.o(i.LL_ADC_REG_SetSequencerRanks) for LL_ADC_REG_SetSequencerRanks
    accelero.o(i.read_adc_angle) refers to accelero.o(i.LL_ADC_REG_StartConversionSWStart) for LL_ADC_REG_StartConversionSWStart
    accelero.o(i.read_adc_angle) refers to accelero.o(i.LL_ADC_IsActiveFlag_EOS) for LL_ADC_IsActiveFlag_EOS
    accelero.o(i.read_adc_angle) refers to ffltui.o(.text) for __aeabi_ui2f
    accelero.o(i.read_adc_angle) refers to f2d.o(.text) for __aeabi_f2d
    accelero.o(i.read_adc_angle) refers to dmul.o(.text) for __aeabi_dmul
    accelero.o(i.read_adc_angle) refers to ddiv.o(.text) for __aeabi_ddiv
    accelero.o(i.read_adc_angle) refers to d2f.o(.text) for __aeabi_d2f
    accelero.o(i.read_adc_angle) refers to dadd.o(.text) for __aeabi_dsub
    accelero.o(i.read_adc_angle) refers to fdiv.o(.text) for __aeabi_fdiv
    accelero.o(i.read_adc_angle) refers to atan.o(i.atan) for atan
    accelero.o(i.sendAlerte) refers to accelero.o(i.LL_GPIO_SetPinMode) for LL_GPIO_SetPinMode
    accelero.o(i.sendAlerte) refers to memcpya.o(.text) for __aeabi_memcpy4
    accelero.o(i.sendAlerte) refers to accelero.o(i.UART_Send) for UART_Send
    accelero.o(i.sup45) refers to cfrcmple.o(.text) for __aeabi_cfrcmple
    accelero.o(i.uart_conf) refers to accelero.o(i.LL_APB2_GRP1_EnableClock) for LL_APB2_GRP1_EnableClock
    accelero.o(i.uart_conf) refers to accelero.o(i.LL_USART_SetBaudRate) for LL_USART_SetBaudRate
    accelero.o(i.uart_conf) refers to accelero.o(i.LL_GPIO_SetPinMode) for LL_GPIO_SetPinMode
    plateau.o(i.LL_TIM_OC_SetMode) refers to plateau.o(.constdata) for OFFSET_TAB_CCMRx
    plateau.o(i.MyTimer_Conf) refers to plateau.o(i.LL_APB2_GRP1_EnableClock) for LL_APB2_GRP1_EnableClock
    plateau.o(i.MyTimer_Conf) refers to plateau.o(i.LL_APB1_GRP1_EnableClock) for LL_APB1_GRP1_EnableClock
    plateau.o(i.MyTimer_Conf) refers to stm32f1xx_ll_tim.o(i.LL_TIM_Init) for LL_TIM_Init
    plateau.o(i.MyTimer_Conf) refers to plateau.o(i.LL_TIM_DisableCounter) for LL_TIM_DisableCounter
    plateau.o(i.MyTimer_Stop) refers to plateau.o(i.LL_TIM_DisableCounter) for LL_TIM_DisableCounter
    plateau.o(i.commander_plateau) refers to ffltui.o(.text) for __aeabi_ui2f
    plateau.o(i.commander_plateau) refers to f2d.o(.text) for __aeabi_f2d
    plateau.o(i.commander_plateau) refers to cdcmple.o(.text) for __aeabi_cdcmple
    plateau.o(i.commander_plateau) refers to dadd.o(.text) for __aeabi_drsub
    plateau.o(i.commander_plateau) refers to ddiv.o(.text) for __aeabi_ddiv
    plateau.o(i.commander_plateau) refers to dmul.o(.text) for __aeabi_dmul
    plateau.o(i.commander_plateau) refers to d2f.o(.text) for __aeabi_d2f
    plateau.o(i.commander_plateau) refers to plateau.o(i.commander_vitesse_moteur) for commander_vitesse_moteur
    plateau.o(i.commander_plateau) refers to cdrcmple.o(.text) for __aeabi_cdrcmple
    plateau.o(i.commander_vitesse_moteur) refers to f2d.o(.text) for __aeabi_f2d
    plateau.o(i.commander_vitesse_moteur) refers to ddiv.o(.text) for __aeabi_ddiv
    plateau.o(i.commander_vitesse_moteur) refers to dmul.o(.text) for __aeabi_dmul
    plateau.o(i.commander_vitesse_moteur) refers to d2f.o(.text) for __aeabi_d2f
    plateau.o(i.commander_vitesse_moteur) refers to ffixui.o(.text) for __aeabi_f2uiz
    plateau.o(i.conf_capture_pwm_input) refers to plateau.o(i.LL_APB2_GRP1_EnableClock) for LL_APB2_GRP1_EnableClock
    plateau.o(i.conf_capture_pwm_input) refers to plateau.o(i.LL_GPIO_SetPinMode) for LL_GPIO_SetPinMode
    plateau.o(i.conf_commande_pwm_output) refers to plateau.o(i.LL_APB2_GRP1_EnableClock) for LL_APB2_GRP1_EnableClock
    plateau.o(i.conf_commande_pwm_output) refers to plateau.o(i.LL_GPIO_SetPinMode) for LL_GPIO_SetPinMode
    plateau.o(i.conf_commande_pwm_output) refers to plateau.o(i.LL_TIM_OC_SetMode) for LL_TIM_OC_SetMode
    plateau.o(i.config_plateau) refers to plateau.o(i.MyTimer_Conf) for MyTimer_Conf
    plateau.o(i.config_plateau) refers to plateau.o(i.conf_capture_pwm_input) for conf_capture_pwm_input
    plateau.o(i.config_plateau) refers to plateau.o(i.conf_commande_pwm_output) for conf_commande_pwm_output
    plateau.o(i.config_plateau) refers to plateau.o(i.MyTimer_Start) for MyTimer_Start
    stm32f1xx_ll_rcc.o(i.LL_RCC_DeInit) refers to stm32f1xx_ll_rcc.o(i.LL_RCC_PLL_IsReady) for LL_RCC_PLL_IsReady
    stm32f1xx_ll_rcc.o(i.LL_RCC_GetADCClockFreq) refers to main.o(i.assert_failed) for assert_failed
    stm32f1xx_ll_rcc.o(i.LL_RCC_GetADCClockFreq) refers to stm32f1xx_ll_rcc.o(i.RCC_GetSystemClockFreq) for RCC_GetSystemClockFreq
    stm32f1xx_ll_rcc.o(i.LL_RCC_GetADCClockFreq) refers to stm32f1xx_ll_rcc.o(i.RCC_GetHCLKClockFreq) for RCC_GetHCLKClockFreq
    stm32f1xx_ll_rcc.o(i.LL_RCC_GetADCClockFreq) refers to stm32f1xx_ll_rcc.o(i.RCC_GetPCLK2ClockFreq) for RCC_GetPCLK2ClockFreq
    stm32f1xx_ll_rcc.o(i.LL_RCC_GetSystemClocksFreq) refers to stm32f1xx_ll_rcc.o(i.RCC_GetSystemClockFreq) for RCC_GetSystemClockFreq
    stm32f1xx_ll_rcc.o(i.LL_RCC_GetSystemClocksFreq) refers to stm32f1xx_ll_rcc.o(i.RCC_GetHCLKClockFreq) for RCC_GetHCLKClockFreq
    stm32f1xx_ll_rcc.o(i.LL_RCC_GetSystemClocksFreq) refers to stm32f1xx_ll_rcc.o(i.RCC_GetPCLK1ClockFreq) for RCC_GetPCLK1ClockFreq
    stm32f1xx_ll_rcc.o(i.LL_RCC_GetSystemClocksFreq) refers to stm32f1xx_ll_rcc.o(i.RCC_GetPCLK2ClockFreq) for RCC_GetPCLK2ClockFreq
    stm32f1xx_ll_rcc.o(i.LL_RCC_GetUSBClockFreq) refers to main.o(i.assert_failed) for assert_failed
    stm32f1xx_ll_rcc.o(i.LL_RCC_GetUSBClockFreq) refers to stm32f1xx_ll_rcc.o(i.LL_RCC_PLL_IsReady) for LL_RCC_PLL_IsReady
    stm32f1xx_ll_rcc.o(i.LL_RCC_GetUSBClockFreq) refers to stm32f1xx_ll_rcc.o(i.RCC_PLL_GetFreqDomain_SYS) for RCC_PLL_GetFreqDomain_SYS
    stm32f1xx_ll_rcc.o(i.RCC_GetHCLKClockFreq) refers to system_stm32f1xx.o(.constdata) for AHBPrescTable
    stm32f1xx_ll_rcc.o(i.RCC_GetPCLK1ClockFreq) refers to system_stm32f1xx.o(.constdata) for APBPrescTable
    stm32f1xx_ll_rcc.o(i.RCC_GetPCLK2ClockFreq) refers to system_stm32f1xx.o(.constdata) for APBPrescTable
    stm32f1xx_ll_rcc.o(i.RCC_GetSystemClockFreq) refers to stm32f1xx_ll_rcc.o(i.RCC_PLL_GetFreqDomain_SYS) for RCC_PLL_GetFreqDomain_SYS
    stm32f1xx_ll_utils.o(i.LL_PLL_ConfigSystemClock_HSE) refers to main.o(i.assert_failed) for assert_failed
    stm32f1xx_ll_utils.o(i.LL_PLL_ConfigSystemClock_HSE) refers to stm32f1xx_ll_utils.o(i.UTILS_PLL_IsBusy) for UTILS_PLL_IsBusy
    stm32f1xx_ll_utils.o(i.LL_PLL_ConfigSystemClock_HSE) refers to stm32f1xx_ll_utils.o(i.UTILS_GetPLLOutputFrequency) for UTILS_GetPLLOutputFrequency
    stm32f1xx_ll_utils.o(i.LL_PLL_ConfigSystemClock_HSE) refers to stm32f1xx_ll_utils.o(i.LL_RCC_HSE_IsReady) for LL_RCC_HSE_IsReady
    stm32f1xx_ll_utils.o(i.LL_PLL_ConfigSystemClock_HSE) refers to stm32f1xx_ll_utils.o(i.LL_RCC_PLL_ConfigDomain_SYS) for LL_RCC_PLL_ConfigDomain_SYS
    stm32f1xx_ll_utils.o(i.LL_PLL_ConfigSystemClock_HSE) refers to stm32f1xx_ll_utils.o(i.UTILS_EnablePLLAndSwitchSystem) for UTILS_EnablePLLAndSwitchSystem
    stm32f1xx_ll_utils.o(i.LL_PLL_ConfigSystemClock_HSI) refers to stm32f1xx_ll_utils.o(i.UTILS_PLL_IsBusy) for UTILS_PLL_IsBusy
    stm32f1xx_ll_utils.o(i.LL_PLL_ConfigSystemClock_HSI) refers to stm32f1xx_ll_utils.o(i.UTILS_GetPLLOutputFrequency) for UTILS_GetPLLOutputFrequency
    stm32f1xx_ll_utils.o(i.LL_PLL_ConfigSystemClock_HSI) refers to stm32f1xx_ll_utils.o(i.LL_RCC_HSI_IsReady) for LL_RCC_HSI_IsReady
    stm32f1xx_ll_utils.o(i.LL_PLL_ConfigSystemClock_HSI) refers to stm32f1xx_ll_utils.o(i.LL_RCC_PLL_ConfigDomain_SYS) for LL_RCC_PLL_ConfigDomain_SYS
    stm32f1xx_ll_utils.o(i.LL_PLL_ConfigSystemClock_HSI) refers to stm32f1xx_ll_utils.o(i.UTILS_EnablePLLAndSwitchSystem) for UTILS_EnablePLLAndSwitchSystem
    stm32f1xx_ll_utils.o(i.LL_SetSystemCoreClock) refers to system_stm32f1xx.o(.data) for SystemCoreClock
    stm32f1xx_ll_utils.o(i.UTILS_EnablePLLAndSwitchSystem) refers to main.o(i.assert_failed) for assert_failed
    stm32f1xx_ll_utils.o(i.UTILS_EnablePLLAndSwitchSystem) refers to stm32f1xx_ll_utils.o(i.UTILS_SetFlashLatency) for UTILS_SetFlashLatency
    stm32f1xx_ll_utils.o(i.UTILS_EnablePLLAndSwitchSystem) refers to stm32f1xx_ll_utils.o(i.LL_RCC_PLL_IsReady) for LL_RCC_PLL_IsReady
    stm32f1xx_ll_utils.o(i.UTILS_EnablePLLAndSwitchSystem) refers to stm32f1xx_ll_utils.o(i.LL_SetSystemCoreClock) for LL_SetSystemCoreClock
    stm32f1xx_ll_utils.o(i.UTILS_EnablePLLAndSwitchSystem) refers to system_stm32f1xx.o(.constdata) for AHBPrescTable
    stm32f1xx_ll_utils.o(i.UTILS_EnablePLLAndSwitchSystem) refers to system_stm32f1xx.o(.data) for SystemCoreClock
    stm32f1xx_ll_utils.o(i.UTILS_GetPLLOutputFrequency) refers to main.o(i.assert_failed) for assert_failed
    stm32f1xx_ll_utils.o(i.UTILS_PLL_IsBusy) refers to stm32f1xx_ll_utils.o(i.LL_RCC_PLL_IsReady) for LL_RCC_PLL_IsReady
    stm32f1xx_ll_tim.o(i.IC1Config) refers to main.o(i.assert_failed) for assert_failed
    stm32f1xx_ll_tim.o(i.IC2Config) refers to main.o(i.assert_failed) for assert_failed
    stm32f1xx_ll_tim.o(i.IC3Config) refers to main.o(i.assert_failed) for assert_failed
    stm32f1xx_ll_tim.o(i.IC4Config) refers to main.o(i.assert_failed) for assert_failed
    stm32f1xx_ll_tim.o(i.LL_TIM_BDTR_Init) refers to main.o(i.assert_failed) for assert_failed
    stm32f1xx_ll_tim.o(i.LL_TIM_DeInit) refers to main.o(i.assert_failed) for assert_failed
    stm32f1xx_ll_tim.o(i.LL_TIM_DeInit) refers to stm32f1xx_ll_tim.o(i.LL_APB1_GRP1_ForceReset) for LL_APB1_GRP1_ForceReset
    stm32f1xx_ll_tim.o(i.LL_TIM_DeInit) refers to stm32f1xx_ll_tim.o(i.LL_APB1_GRP1_ReleaseReset) for LL_APB1_GRP1_ReleaseReset
    stm32f1xx_ll_tim.o(i.LL_TIM_ENCODER_Init) refers to main.o(i.assert_failed) for assert_failed
    stm32f1xx_ll_tim.o(i.LL_TIM_HALLSENSOR_Init) refers to main.o(i.assert_failed) for assert_failed
    stm32f1xx_ll_tim.o(i.LL_TIM_HALLSENSOR_Init) refers to stm32f1xx_ll_tim.o(i.LL_TIM_OC_SetCompareCH2) for LL_TIM_OC_SetCompareCH2
    stm32f1xx_ll_tim.o(i.LL_TIM_IC_Init) refers to stm32f1xx_ll_tim.o(i.IC1Config) for IC1Config
    stm32f1xx_ll_tim.o(i.LL_TIM_IC_Init) refers to stm32f1xx_ll_tim.o(i.IC2Config) for IC2Config
    stm32f1xx_ll_tim.o(i.LL_TIM_IC_Init) refers to stm32f1xx_ll_tim.o(i.IC3Config) for IC3Config
    stm32f1xx_ll_tim.o(i.LL_TIM_IC_Init) refers to stm32f1xx_ll_tim.o(i.IC4Config) for IC4Config
    stm32f1xx_ll_tim.o(i.LL_TIM_Init) refers to main.o(i.assert_failed) for assert_failed
    stm32f1xx_ll_tim.o(i.LL_TIM_OC_Init) refers to stm32f1xx_ll_tim.o(i.OC1Config) for OC1Config
    stm32f1xx_ll_tim.o(i.LL_TIM_OC_Init) refers to stm32f1xx_ll_tim.o(i.OC2Config) for OC2Config
    stm32f1xx_ll_tim.o(i.LL_TIM_OC_Init) refers to stm32f1xx_ll_tim.o(i.OC3Config) for OC3Config
    stm32f1xx_ll_tim.o(i.LL_TIM_OC_Init) refers to stm32f1xx_ll_tim.o(i.OC4Config) for OC4Config
    stm32f1xx_ll_tim.o(i.OC1Config) refers to main.o(i.assert_failed) for assert_failed
    stm32f1xx_ll_tim.o(i.OC2Config) refers to main.o(i.assert_failed) for assert_failed
    stm32f1xx_ll_tim.o(i.OC2Config) refers to stm32f1xx_ll_tim.o(i.LL_TIM_OC_SetCompareCH2) for LL_TIM_OC_SetCompareCH2
    stm32f1xx_ll_tim.o(i.OC3Config) refers to main.o(i.assert_failed) for assert_failed
    stm32f1xx_ll_tim.o(i.OC4Config) refers to main.o(i.assert_failed) for assert_failed
    stm32f1xx_ll_gpio.o(i.LL_GPIO_DeInit) refers to main.o(i.assert_failed) for assert_failed
    stm32f1xx_ll_gpio.o(i.LL_GPIO_DeInit) refers to stm32f1xx_ll_gpio.o(i.LL_APB2_GRP1_ForceReset) for LL_APB2_GRP1_ForceReset
    stm32f1xx_ll_gpio.o(i.LL_GPIO_DeInit) refers to stm32f1xx_ll_gpio.o(i.LL_APB2_GRP1_ReleaseReset) for LL_APB2_GRP1_ReleaseReset
    stm32f1xx_ll_gpio.o(i.LL_GPIO_Init) refers to main.o(i.assert_failed) for assert_failed
    stm32f1xx_ll_adc.o(i.LL_ADC_CommonDeInit) refers to main.o(i.assert_failed) for assert_failed
    stm32f1xx_ll_adc.o(i.LL_ADC_CommonInit) refers to main.o(i.assert_failed) for assert_failed
    stm32f1xx_ll_adc.o(i.LL_ADC_CommonInit) refers to stm32f1xx_ll_adc.o(i.LL_ADC_IsEnabled) for LL_ADC_IsEnabled
    stm32f1xx_ll_adc.o(i.LL_ADC_DeInit) refers to main.o(i.assert_failed) for assert_failed
    stm32f1xx_ll_adc.o(i.LL_ADC_DeInit) refers to stm32f1xx_ll_adc.o(i.LL_ADC_IsEnabled) for LL_ADC_IsEnabled
    stm32f1xx_ll_adc.o(i.LL_ADC_INJ_Init) refers to main.o(i.assert_failed) for assert_failed
    stm32f1xx_ll_adc.o(i.LL_ADC_INJ_Init) refers to stm32f1xx_ll_adc.o(i.LL_ADC_IsEnabled) for LL_ADC_IsEnabled
    stm32f1xx_ll_adc.o(i.LL_ADC_Init) refers to main.o(i.assert_failed) for assert_failed
    stm32f1xx_ll_adc.o(i.LL_ADC_Init) refers to stm32f1xx_ll_adc.o(i.LL_ADC_IsEnabled) for LL_ADC_IsEnabled
    stm32f1xx_ll_adc.o(i.LL_ADC_REG_Init) refers to main.o(i.assert_failed) for assert_failed
    stm32f1xx_ll_adc.o(i.LL_ADC_REG_Init) refers to stm32f1xx_ll_adc.o(i.LL_ADC_IsEnabled) for LL_ADC_IsEnabled
    stm32f1xx_ll_usart.o(i.LL_USART_ClockInit) refers to main.o(i.assert_failed) for assert_failed
    stm32f1xx_ll_usart.o(i.LL_USART_ClockInit) refers to stm32f1xx_ll_usart.o(i.LL_USART_IsEnabled) for LL_USART_IsEnabled
    stm32f1xx_ll_usart.o(i.LL_USART_DeInit) refers to main.o(i.assert_failed) for assert_failed
    stm32f1xx_ll_usart.o(i.LL_USART_DeInit) refers to stm32f1xx_ll_usart.o(i.LL_APB1_GRP1_ForceReset) for LL_APB1_GRP1_ForceReset
    stm32f1xx_ll_usart.o(i.LL_USART_DeInit) refers to stm32f1xx_ll_usart.o(i.LL_APB1_GRP1_ReleaseReset) for LL_APB1_GRP1_ReleaseReset
    stm32f1xx_ll_usart.o(i.LL_USART_Init) refers to main.o(i.assert_failed) for assert_failed
    stm32f1xx_ll_usart.o(i.LL_USART_Init) refers to stm32f1xx_ll_usart.o(i.LL_USART_IsEnabled) for LL_USART_IsEnabled
    stm32f1xx_ll_usart.o(i.LL_USART_Init) refers to stm32f1xx_ll_rcc.o(i.LL_RCC_GetSystemClocksFreq) for LL_RCC_GetSystemClocksFreq
    stm32f1xx_ll_usart.o(i.LL_USART_Init) refers to stm32f1xx_ll_usart.o(i.LL_USART_SetBaudRate) for LL_USART_SetBaudRate
    stm32f1xx_ll_spi.o(i.LL_SPI_DeInit) refers to main.o(i.assert_failed) for assert_failed
    stm32f1xx_ll_spi.o(i.LL_SPI_Init) refers to main.o(i.assert_failed) for assert_failed
    stm32f1xx_ll_i2c.o(i.LL_I2C_DeInit) refers to main.o(i.assert_failed) for assert_failed
    stm32f1xx_ll_i2c.o(i.LL_I2C_DeInit) refers to stm32f1xx_ll_i2c.o(i.LL_APB1_GRP1_ForceReset) for LL_APB1_GRP1_ForceReset
    stm32f1xx_ll_i2c.o(i.LL_I2C_DeInit) refers to stm32f1xx_ll_i2c.o(i.LL_APB1_GRP1_ReleaseReset) for LL_APB1_GRP1_ReleaseReset
    stm32f1xx_ll_i2c.o(i.LL_I2C_Init) refers to main.o(i.assert_failed) for assert_failed
    stm32f1xx_ll_i2c.o(i.LL_I2C_Init) refers to stm32f1xx_ll_rcc.o(i.LL_RCC_GetSystemClocksFreq) for LL_RCC_GetSystemClocksFreq
    stm32f1xx_ll_i2c.o(i.LL_I2C_Init) refers to stm32f1xx_ll_i2c.o(i.LL_I2C_ConfigSpeed) for LL_I2C_ConfigSpeed
    system_stm32f1xx.o(i.SystemCoreClockUpdate) refers to system_stm32f1xx.o(.data) for SystemCoreClock
    system_stm32f1xx.o(i.SystemCoreClockUpdate) refers to system_stm32f1xx.o(.constdata) for AHBPrescTable
    startup_stm32f103xb.o(RESET) refers to startup_stm32f103xb.o(STACK) for __initial_sp
    startup_stm32f103xb.o(RESET) refers to startup_stm32f103xb.o(.text) for Reset_Handler
    startup_stm32f103xb.o(.text) refers to system_stm32f1xx.o(i.SystemInit) for SystemInit
    startup_stm32f103xb.o(.text) refers to entry.o(.ARM.Collect$$$$00000000) for __main
    atan.o(i.__softfp_atan) refers (Special) to iusefp.o(.text) for __I$use$fp
    atan.o(i.__softfp_atan) refers to atan.o(i.atan) for atan
    atan.o(i.atan) refers (Special) to iusefp.o(.text) for __I$use$fp
    atan.o(i.atan) refers to dunder.o(i.__mathlib_dbl_infnan) for __mathlib_dbl_infnan
    atan.o(i.atan) refers to fpclassify.o(i.__ARM_fpclassify) for __ARM_fpclassify
    atan.o(i.atan) refers to dunder.o(i.__mathlib_dbl_underflow) for __mathlib_dbl_underflow
    atan.o(i.atan) refers to dadd.o(.text) for __aeabi_dadd
    atan.o(i.atan) refers to dscalb.o(.text) for __ARM_scalbn
    atan.o(i.atan) refers to ddiv.o(.text) for __aeabi_ddiv
    atan.o(i.atan) refers to dmul.o(.text) for __aeabi_dmul
    atan.o(i.atan) refers to poly.o(i.__kernel_poly) for __kernel_poly
    atan.o(i.atan) refers to atan.o(.constdata) for .constdata
    atan.o(.constdata) refers (Special) to iusefp.o(.text) for __I$use$fp
    atan_x.o(i.____softfp_atan$lsc) refers (Special) to iusefp.o(.text) for __I$use$fp
    atan_x.o(i.____softfp_atan$lsc) refers to atan_x.o(i.__atan$lsc) for __atan$lsc
    atan_x.o(i.__atan$lsc) refers (Special) to iusefp.o(.text) for __I$use$fp
    atan_x.o(i.__atan$lsc) refers to dunder.o(i.__mathlib_dbl_infnan) for __mathlib_dbl_infnan
    atan_x.o(i.__atan$lsc) refers to dadd.o(.text) for __aeabi_dadd
    atan_x.o(i.__atan$lsc) refers to dscalb.o(.text) for __ARM_scalbn
    atan_x.o(i.__atan$lsc) refers to ddiv.o(.text) for __aeabi_ddiv
    atan_x.o(i.__atan$lsc) refers to dmul.o(.text) for __aeabi_dmul
    atan_x.o(i.__atan$lsc) refers to poly.o(i.__kernel_poly) for __kernel_poly
    atan_x.o(i.__atan$lsc) refers to atan_x.o(.constdata) for .constdata
    atan_x.o(.constdata) refers (Special) to iusefp.o(.text) for __I$use$fp
    entry.o(.ARM.Collect$$$$00000000) refers (Special) to entry10a.o(.ARM.Collect$$$$0000000D) for __rt_final_cpp
    entry.o(.ARM.Collect$$$$00000000) refers (Special) to entry11a.o(.ARM.Collect$$$$0000000F) for __rt_final_exit
    entry.o(.ARM.Collect$$$$00000000) refers (Special) to entry7b.o(.ARM.Collect$$$$00000008) for _main_clock
    entry.o(.ARM.Collect$$$$00000000) refers (Special) to entry8b.o(.ARM.Collect$$$$0000000A) for _main_cpp_init
    entry.o(.ARM.Collect$$$$00000000) refers (Special) to entry9a.o(.ARM.Collect$$$$0000000B) for _main_init
    entry.o(.ARM.Collect$$$$00000000) refers (Special) to entry5.o(.ARM.Collect$$$$00000004) for _main_scatterload
    entry.o(.ARM.Collect$$$$00000000) refers (Special) to entry2.o(.ARM.Collect$$$$00000001) for _main_stk
    fdiv.o(.text) refers (Special) to iusefp.o(.text) for __I$use$fp
    fdiv.o(.text) refers to fepilogue.o(.text) for _float_round
    dadd.o(.text) refers (Special) to iusefp.o(.text) for __I$use$fp
    dadd.o(.text) refers to llshl.o(.text) for __aeabi_llsl
    dadd.o(.text) refers to llsshr.o(.text) for __aeabi_lasr
    dadd.o(.text) refers to depilogue.o(.text) for _double_epilogue
    dmul.o(.text) refers (Special) to iusefp.o(.text) for __I$use$fp
    dmul.o(.text) refers to depilogue.o(.text) for _double_epilogue
    ddiv.o(.text) refers (Special) to iusefp.o(.text) for __I$use$fp
    ddiv.o(.text) refers to depilogue.o(.text) for _double_round
    ffltui.o(.text) refers (Special) to iusefp.o(.text) for __I$use$fp
    ffltui.o(.text) refers to fepilogue.o(.text) for _float_epilogue
    dflti.o(.text) refers (Special) to iusefp.o(.text) for __I$use$fp
    dflti.o(.text) refers to depilogue.o(.text) for _double_epilogue
    ffixui.o(.text) refers (Special) to iusefp.o(.text) for __I$use$fp
    dfixi.o(.text) refers (Special) to iusefp.o(.text) for __I$use$fp
    dfixi.o(.text) refers to llushr.o(.text) for __aeabi_llsr
    f2d.o(.text) refers (Special) to iusefp.o(.text) for __I$use$fp
    cdcmple.o(.text) refers (Special) to iusefp.o(.text) for __I$use$fp
    cdrcmple.o(.text) refers (Special) to iusefp.o(.text) for __I$use$fp
    d2f.o(.text) refers (Special) to iusefp.o(.text) for __I$use$fp
    d2f.o(.text) refers to fepilogue.o(.text) for _float_round
    cfcmple.o(.text) refers (Special) to iusefp.o(.text) for __I$use$fp
    cfrcmple.o(.text) refers (Special) to iusefp.o(.text) for __I$use$fp
    dunder.o(i.__mathlib_dbl_divzero) refers to ddiv.o(.text) for __aeabi_ddiv
    dunder.o(i.__mathlib_dbl_infnan) refers to dscalb.o(.text) for __ARM_scalbn
    dunder.o(i.__mathlib_dbl_infnan2) refers to dadd.o(.text) for __aeabi_dadd
    dunder.o(i.__mathlib_dbl_invalid) refers to ddiv.o(.text) for __aeabi_ddiv
    dunder.o(i.__mathlib_dbl_overflow) refers to dscalb.o(.text) for __ARM_scalbn
    dunder.o(i.__mathlib_dbl_posinfnan) refers to dmul.o(.text) for __aeabi_dmul
    dunder.o(i.__mathlib_dbl_underflow) refers to dscalb.o(.text) for __ARM_scalbn
    fpclassify.o(i.__ARM_fpclassify) refers (Special) to iusefp.o(.text) for __I$use$fp
    poly.o(i.__kernel_poly) refers (Special) to iusefp.o(.text) for __I$use$fp
    poly.o(i.__kernel_poly) refers to dmul.o(.text) for __aeabi_dmul
    poly.o(i.__kernel_poly) refers to dadd.o(.text) for __aeabi_dadd
    entry2.o(.ARM.Collect$$$$00000001) refers to entry2.o(.ARM.Collect$$$$00002712) for __lit__00000000
    entry2.o(.ARM.Collect$$$$00002712) refers to startup_stm32f103xb.o(STACK) for __initial_sp
    entry2.o(__vectab_stack_and_reset_area) refers to startup_stm32f103xb.o(STACK) for __initial_sp
    entry2.o(__vectab_stack_and_reset_area) refers to entry.o(.ARM.Collect$$$$00000000) for __main
    entry5.o(.ARM.Collect$$$$00000004) refers to init.o(.text) for __scatterload
    entry9a.o(.ARM.Collect$$$$0000000B) refers to main.o(i.main) for main
    entry9b.o(.ARM.Collect$$$$0000000C) refers to main.o(i.main) for main
    depilogue.o(.text) refers to llshl.o(.text) for __aeabi_llsl
    depilogue.o(.text) refers to llushr.o(.text) for __aeabi_llsr
    init.o(.text) refers to entry5.o(.ARM.Collect$$$$00000004) for __main_after_scatterload


==============================================================================

Removing Unused input sections from the image.

    Removing main.o(.rev16_text), (4 bytes).
    Removing main.o(.revsh_text), (4 bytes).
    Removing main.o(.rrx_text), (6 bytes).
    Removing main.o(.constdata), (35 bytes).
    Removing main.o(.data), (8 bytes).
    Removing voile.o(.rev16_text), (4 bytes).
    Removing voile.o(.revsh_text), (4 bytes).
    Removing voile.o(.rrx_text), (6 bytes).
    Removing accelero.o(.rev16_text), (4 bytes).
    Removing accelero.o(.revsh_text), (4 bytes).
    Removing accelero.o(.rrx_text), (6 bytes).
    Removing accelero.o(i.inf35), (28 bytes).
    Removing accelero.o(i.isFucked), (34 bytes).
    Removing plateau.o(.rev16_text), (4 bytes).
    Removing plateau.o(.revsh_text), (4 bytes).
    Removing plateau.o(.rrx_text), (6 bytes).
    Removing plateau.o(i.MyTimer_Stop), (12 bytes).
    Removing stm32f1xx_ll_rcc.o(.rev16_text), (4 bytes).
    Removing stm32f1xx_ll_rcc.o(.revsh_text), (4 bytes).
    Removing stm32f1xx_ll_rcc.o(.rrx_text), (6 bytes).
    Removing stm32f1xx_ll_rcc.o(i.LL_RCC_DeInit), (152 bytes).
    Removing stm32f1xx_ll_rcc.o(i.LL_RCC_GetADCClockFreq), (124 bytes).
    Removing stm32f1xx_ll_rcc.o(i.LL_RCC_GetSystemClocksFreq), (36 bytes).
    Removing stm32f1xx_ll_rcc.o(i.LL_RCC_GetUSBClockFreq), (120 bytes).
    Removing stm32f1xx_ll_rcc.o(i.LL_RCC_PLL_IsReady), (16 bytes).
    Removing stm32f1xx_ll_rcc.o(i.RCC_GetHCLKClockFreq), (32 bytes).
    Removing stm32f1xx_ll_rcc.o(i.RCC_GetPCLK1ClockFreq), (36 bytes).
    Removing stm32f1xx_ll_rcc.o(i.RCC_GetPCLK2ClockFreq), (36 bytes).
    Removing stm32f1xx_ll_rcc.o(i.RCC_GetSystemClockFreq), (60 bytes).
    Removing stm32f1xx_ll_rcc.o(i.RCC_PLL_GetFreqDomain_SYS), (88 bytes).
    Removing stm32f1xx_ll_utils.o(.rev16_text), (4 bytes).
    Removing stm32f1xx_ll_utils.o(.revsh_text), (4 bytes).
    Removing stm32f1xx_ll_utils.o(.rrx_text), (6 bytes).
    Removing stm32f1xx_ll_utils.o(i.LL_PLL_ConfigSystemClock_HSE), (260 bytes).
    Removing stm32f1xx_ll_utils.o(i.LL_PLL_ConfigSystemClock_HSI), (104 bytes).
    Removing stm32f1xx_ll_utils.o(i.LL_RCC_HSE_IsReady), (16 bytes).
    Removing stm32f1xx_ll_utils.o(i.LL_RCC_HSI_IsReady), (16 bytes).
    Removing stm32f1xx_ll_utils.o(i.LL_RCC_PLL_ConfigDomain_SYS), (28 bytes).
    Removing stm32f1xx_ll_utils.o(i.LL_RCC_PLL_IsReady), (16 bytes).
    Removing stm32f1xx_ll_utils.o(i.LL_mDelay), (40 bytes).
    Removing stm32f1xx_ll_utils.o(i.UTILS_EnablePLLAndSwitchSystem), (416 bytes).
    Removing stm32f1xx_ll_utils.o(i.UTILS_GetPLLOutputFrequency), (228 bytes).
    Removing stm32f1xx_ll_utils.o(i.UTILS_PLL_IsBusy), (16 bytes).
    Removing stm32f1xx_ll_utils.o(i.UTILS_SetFlashLatency), (80 bytes).
    Removing stm32f1xx_ll_tim.o(.rev16_text), (4 bytes).
    Removing stm32f1xx_ll_tim.o(.revsh_text), (4 bytes).
    Removing stm32f1xx_ll_tim.o(.rrx_text), (6 bytes).
    Removing stm32f1xx_ll_tim.o(i.IC1Config), (376 bytes).
    Removing stm32f1xx_ll_tim.o(i.IC2Config), (376 bytes).
    Removing stm32f1xx_ll_tim.o(i.IC3Config), (380 bytes).
    Removing stm32f1xx_ll_tim.o(i.IC4Config), (380 bytes).
    Removing stm32f1xx_ll_tim.o(i.LL_APB1_GRP1_ForceReset), (16 bytes).
    Removing stm32f1xx_ll_tim.o(i.LL_APB1_GRP1_ReleaseReset), (16 bytes).
    Removing stm32f1xx_ll_tim.o(i.LL_TIM_BDTR_Init), (312 bytes).
    Removing stm32f1xx_ll_tim.o(i.LL_TIM_BDTR_StructInit), (18 bytes).
    Removing stm32f1xx_ll_tim.o(i.LL_TIM_DeInit), (192 bytes).
    Removing stm32f1xx_ll_tim.o(i.LL_TIM_ENCODER_StructInit), (36 bytes).
    Removing stm32f1xx_ll_tim.o(i.LL_TIM_HALLSENSOR_Init), (396 bytes).
    Removing stm32f1xx_ll_tim.o(i.LL_TIM_HALLSENSOR_StructInit), (12 bytes).
    Removing stm32f1xx_ll_tim.o(i.LL_TIM_IC_Init), (92 bytes).
    Removing stm32f1xx_ll_tim.o(i.LL_TIM_IC_StructInit), (18 bytes).
    Removing stm32f1xx_ll_tim.o(i.LL_TIM_OC_Init), (92 bytes).
    Removing stm32f1xx_ll_tim.o(i.LL_TIM_OC_SetCompareCH2), (4 bytes).
    Removing stm32f1xx_ll_tim.o(i.LL_TIM_OC_StructInit), (20 bytes).
    Removing stm32f1xx_ll_tim.o(i.LL_TIM_StructInit), (18 bytes).
    Removing stm32f1xx_ll_tim.o(i.OC1Config), (404 bytes).
    Removing stm32f1xx_ll_tim.o(i.OC2Config), (404 bytes).
    Removing stm32f1xx_ll_tim.o(i.OC3Config), (404 bytes).
    Removing stm32f1xx_ll_tim.o(i.OC4Config), (372 bytes).
    Removing stm32f1xx_ll_tim.o(.constdata), (35 bytes).
    Removing stm32f1xx_ll_gpio.o(.rev16_text), (4 bytes).
    Removing stm32f1xx_ll_gpio.o(.revsh_text), (4 bytes).
    Removing stm32f1xx_ll_gpio.o(.rrx_text), (6 bytes).
    Removing stm32f1xx_ll_gpio.o(i.LL_APB2_GRP1_ForceReset), (16 bytes).
    Removing stm32f1xx_ll_gpio.o(i.LL_APB2_GRP1_ReleaseReset), (16 bytes).
    Removing stm32f1xx_ll_gpio.o(i.LL_GPIO_DeInit), (212 bytes).
    Removing stm32f1xx_ll_gpio.o(i.LL_GPIO_StructInit), (24 bytes).
    Removing stm32f1xx_ll_adc.o(.rev16_text), (4 bytes).
    Removing stm32f1xx_ll_adc.o(.revsh_text), (4 bytes).
    Removing stm32f1xx_ll_adc.o(.rrx_text), (6 bytes).
    Removing stm32f1xx_ll_adc.o(i.LL_ADC_CommonDeInit), (100 bytes).
    Removing stm32f1xx_ll_adc.o(i.LL_ADC_CommonInit), (216 bytes).
    Removing stm32f1xx_ll_adc.o(i.LL_ADC_CommonStructInit), (6 bytes).
    Removing stm32f1xx_ll_adc.o(i.LL_ADC_DeInit), (272 bytes).
    Removing stm32f1xx_ll_adc.o(i.LL_ADC_INJ_Init), (316 bytes).
    Removing stm32f1xx_ll_adc.o(i.LL_ADC_INJ_StructInit), (16 bytes).
    Removing stm32f1xx_ll_adc.o(i.LL_ADC_Init), (164 bytes).
    Removing stm32f1xx_ll_adc.o(i.LL_ADC_REG_StructInit), (18 bytes).
    Removing stm32f1xx_ll_adc.o(i.LL_ADC_StructInit), (12 bytes).
    Removing stm32f1xx_ll_usart.o(.rev16_text), (4 bytes).
    Removing stm32f1xx_ll_usart.o(.revsh_text), (4 bytes).
    Removing stm32f1xx_ll_usart.o(.rrx_text), (6 bytes).
    Removing stm32f1xx_ll_usart.o(i.LL_APB1_GRP1_ForceReset), (16 bytes).
    Removing stm32f1xx_ll_usart.o(i.LL_APB1_GRP1_ReleaseReset), (16 bytes).
    Removing stm32f1xx_ll_usart.o(i.LL_USART_ClockInit), (276 bytes).
    Removing stm32f1xx_ll_usart.o(i.LL_USART_ClockStructInit), (12 bytes).
    Removing stm32f1xx_ll_usart.o(i.LL_USART_DeInit), (180 bytes).
    Removing stm32f1xx_ll_usart.o(i.LL_USART_Init), (432 bytes).
    Removing stm32f1xx_ll_usart.o(i.LL_USART_IsEnabled), (10 bytes).
    Removing stm32f1xx_ll_usart.o(i.LL_USART_SetBaudRate), (158 bytes).
    Removing stm32f1xx_ll_usart.o(i.LL_USART_StructInit), (24 bytes).
    Removing stm32f1xx_ll_spi.o(.rev16_text), (4 bytes).
    Removing stm32f1xx_ll_spi.o(.revsh_text), (4 bytes).
    Removing stm32f1xx_ll_spi.o(.rrx_text), (6 bytes).
    Removing stm32f1xx_ll_spi.o(i.LL_SPI_DeInit), (148 bytes).
    Removing stm32f1xx_ll_spi.o(i.LL_SPI_Init), (432 bytes).
    Removing stm32f1xx_ll_spi.o(i.LL_SPI_StructInit), (26 bytes).
    Removing stm32f1xx_ll_i2c.o(.rev16_text), (4 bytes).
    Removing stm32f1xx_ll_i2c.o(.revsh_text), (4 bytes).
    Removing stm32f1xx_ll_i2c.o(.rrx_text), (6 bytes).
    Removing stm32f1xx_ll_i2c.o(i.LL_APB1_GRP1_ForceReset), (16 bytes).
    Removing stm32f1xx_ll_i2c.o(i.LL_APB1_GRP1_ReleaseReset), (16 bytes).
    Removing stm32f1xx_ll_i2c.o(i.LL_I2C_ConfigSpeed), (188 bytes).
    Removing stm32f1xx_ll_i2c.o(i.LL_I2C_DeInit), (128 bytes).
    Removing stm32f1xx_ll_i2c.o(i.LL_I2C_Init), (316 bytes).
    Removing stm32f1xx_ll_i2c.o(i.LL_I2C_StructInit), (26 bytes).
    Removing system_stm32f1xx.o(.rev16_text), (4 bytes).
    Removing system_stm32f1xx.o(.revsh_text), (4 bytes).
    Removing system_stm32f1xx.o(.rrx_text), (6 bytes).
    Removing system_stm32f1xx.o(i.SystemCoreClockUpdate), (164 bytes).
    Removing system_stm32f1xx.o(.constdata), (24 bytes).
    Removing startup_stm32f103xb.o(HEAP), (512 bytes).
    Removing cfcmple.o(.text), (20 bytes).

123 unused section(s) (total 11120 bytes) removed from the image.

==============================================================================

Image Symbol Table

    Local Symbols

    Symbol Name                              Value     Ov Type        Size  Object(Section)

    ../Src/main.c                            0x00000000   Number         0  main.o ABSOLUTE
    ../Src/system_stm32f1xx.c                0x00000000   Number         0  system_stm32f1xx.o ABSOLUTE
    ../clib/microlib/init/entry.s            0x00000000   Number         0  entry11b.o ABSOLUTE
    ../clib/microlib/init/entry.s            0x00000000   Number         0  entry11a.o ABSOLUTE
    ../clib/microlib/init/entry.s            0x00000000   Number         0  entry10a.o ABSOLUTE
    ../clib/microlib/init/entry.s            0x00000000   Number         0  entry8a.o ABSOLUTE
    ../clib/microlib/init/entry.s            0x00000000   Number         0  entry.o ABSOLUTE
    ../clib/microlib/init/entry.s            0x00000000   Number         0  entry10b.o ABSOLUTE
    ../clib/microlib/init/entry.s            0x00000000   Number         0  entry9b.o ABSOLUTE
    ../clib/microlib/init/entry.s            0x00000000   Number         0  entry9a.o ABSOLUTE
    ../clib/microlib/init/entry.s            0x00000000   Number         0  entry8b.o ABSOLUTE
    ../clib/microlib/init/entry.s            0x00000000   Number         0  entry7b.o ABSOLUTE
    ../clib/microlib/init/entry.s            0x00000000   Number         0  entry7a.o ABSOLUTE
    ../clib/microlib/init/entry.s            0x00000000   Number         0  entry5.o ABSOLUTE
    ../clib/microlib/init/entry.s            0x00000000   Number         0  entry2.o ABSOLUTE
    ../clib/microlib/longlong.c              0x00000000   Number         0  llshl.o ABSOLUTE
    ../clib/microlib/longlong.c              0x00000000   Number         0  llushr.o ABSOLUTE
    ../clib/microlib/longlong.c              0x00000000   Number         0  llsshr.o ABSOLUTE
    ../clib/microlib/string/memcpy.c         0x00000000   Number         0  memcpyb.o ABSOLUTE
    ../clib/microlib/string/memcpy.c         0x00000000   Number         0  memcpya.o ABSOLUTE
    ../clib/microlib/stubs.s                 0x00000000   Number         0  iusefp.o ABSOLUTE
    ../fplib/microlib/d2f.c                  0x00000000   Number         0  d2f.o ABSOLUTE
    ../fplib/microlib/f2d.c                  0x00000000   Number         0  f2d.o ABSOLUTE
    ../fplib/microlib/fpadd.c                0x00000000   Number         0  dadd.o ABSOLUTE
    ../fplib/microlib/fpdiv.c                0x00000000   Number         0  ddiv.o ABSOLUTE
    ../fplib/microlib/fpdiv.c                0x00000000   Number         0  fdiv.o ABSOLUTE
    ../fplib/microlib/fpepilogue.c           0x00000000   Number         0  depilogue.o ABSOLUTE
    ../fplib/microlib/fpepilogue.c           0x00000000   Number         0  fepilogue.o ABSOLUTE
    ../fplib/microlib/fpfix.c                0x00000000   Number         0  ffixui.o ABSOLUTE
    ../fplib/microlib/fpfix.c                0x00000000   Number         0  dfixi.o ABSOLUTE
    ../fplib/microlib/fpflt.c                0x00000000   Number         0  ffltui.o ABSOLUTE
    ../fplib/microlib/fpflt.c                0x00000000   Number         0  dflti.o ABSOLUTE
    ../fplib/microlib/fpmul.c                0x00000000   Number         0  dmul.o ABSOLUTE
    ../fplib/microlib/fpscalb.c              0x00000000   Number         0  dscalb.o ABSOLUTE
    ../mathlib/atan.c                        0x00000000   Number         0  atan_x.o ABSOLUTE
    ../mathlib/atan.c                        0x00000000   Number         0  atan.o ABSOLUTE
    ../mathlib/dunder.c                      0x00000000   Number         0  dunder.o ABSOLUTE
    ../mathlib/fpclassify.c                  0x00000000   Number         0  fpclassify.o ABSOLUTE
    ../mathlib/poly.c                        0x00000000   Number         0  poly.o ABSOLUTE
    ..\LLDrivers\src\stm32f1xx_ll_adc.c      0x00000000   Number         0  stm32f1xx_ll_adc.o ABSOLUTE
    ..\LLDrivers\src\stm32f1xx_ll_gpio.c     0x00000000   Number         0  stm32f1xx_ll_gpio.o ABSOLUTE
    ..\LLDrivers\src\stm32f1xx_ll_i2c.c      0x00000000   Number         0  stm32f1xx_ll_i2c.o ABSOLUTE
    ..\LLDrivers\src\stm32f1xx_ll_rcc.c      0x00000000   Number         0  stm32f1xx_ll_rcc.o ABSOLUTE
    ..\LLDrivers\src\stm32f1xx_ll_spi.c      0x00000000   Number         0  stm32f1xx_ll_spi.o ABSOLUTE
    ..\LLDrivers\src\stm32f1xx_ll_tim.c      0x00000000   Number         0  stm32f1xx_ll_tim.o ABSOLUTE
    ..\LLDrivers\src\stm32f1xx_ll_usart.c    0x00000000   Number         0  stm32f1xx_ll_usart.o ABSOLUTE
    ..\LLDrivers\src\stm32f1xx_ll_utils.c    0x00000000   Number         0  stm32f1xx_ll_utils.o ABSOLUTE
    ..\Services\Accelero.c                   0x00000000   Number         0  accelero.o ABSOLUTE
    ..\Services\Voile.c                      0x00000000   Number         0  voile.o ABSOLUTE
    ..\Services\plateau.c                    0x00000000   Number         0  plateau.o ABSOLUTE
    ..\Src\main.c                            0x00000000   Number         0  main.o ABSOLUTE
    ..\Src\system_stm32f1xx.c                0x00000000   Number         0  system_stm32f1xx.o ABSOLUTE
    ..\\LLDrivers\\src\\stm32f1xx_ll_adc.c   0x00000000   Number         0  stm32f1xx_ll_adc.o ABSOLUTE
    ..\\LLDrivers\\src\\stm32f1xx_ll_gpio.c  0x00000000   Number         0  stm32f1xx_ll_gpio.o ABSOLUTE
    ..\\LLDrivers\\src\\stm32f1xx_ll_i2c.c   0x00000000   Number         0  stm32f1xx_ll_i2c.o ABSOLUTE
    ..\\LLDrivers\\src\\stm32f1xx_ll_rcc.c   0x00000000   Number         0  stm32f1xx_ll_rcc.o ABSOLUTE
    ..\\LLDrivers\\src\\stm32f1xx_ll_spi.c   0x00000000   Number         0  stm32f1xx_ll_spi.o ABSOLUTE
    ..\\LLDrivers\\src\\stm32f1xx_ll_tim.c   0x00000000   Number         0  stm32f1xx_ll_tim.o ABSOLUTE
    ..\\LLDrivers\\src\\stm32f1xx_ll_usart.c 0x00000000   Number         0  stm32f1xx_ll_usart.o ABSOLUTE
    ..\\LLDrivers\\src\\stm32f1xx_ll_utils.c 0x00000000   Number         0  stm32f1xx_ll_utils.o ABSOLUTE
    ..\\Services\\Accelero.c                 0x00000000   Number         0  accelero.o ABSOLUTE
    ..\\Services\\Voile.c                    0x00000000   Number         0  voile.o ABSOLUTE
    ..\\Services\\plateau.c                  0x00000000   Number         0  plateau.o ABSOLUTE
    cdcmple.s                                0x00000000   Number         0  cdcmple.o ABSOLUTE
    cdrcmple.s                               0x00000000   Number         0  cdrcmple.o ABSOLUTE
    cfcmple.s                                0x00000000   Number         0  cfcmple.o ABSOLUTE
    cfrcmple.s                               0x00000000   Number         0  cfrcmple.o ABSOLUTE
    dc.s                                     0x00000000   Number         0  dc.o ABSOLUTE
    handlers.s                               0x00000000   Number         0  handlers.o ABSOLUTE
    init.s                                   0x00000000   Number         0  init.o ABSOLUTE
    startup_stm32f103xb.s                    0x00000000   Number         0  startup_stm32f103xb.o ABSOLUTE
    RESET                                    0x08000000   Section      236  startup_stm32f103xb.o(RESET)
    .ARM.Collect$$$$00000000                 0x080000ec   Section        0  entry.o(.ARM.Collect$$$$00000000)
    .ARM.Collect$$$$00000001                 0x080000ec   Section        4  entry2.o(.ARM.Collect$$$$00000001)
    .ARM.Collect$$$$00000004                 0x080000f0   Section        4  entry5.o(.ARM.Collect$$$$00000004)
    .ARM.Collect$$$$00000008                 0x080000f4   Section        0  entry7b.o(.ARM.Collect$$$$00000008)
    .ARM.Collect$$$$0000000A                 0x080000f4   Section        0  entry8b.o(.ARM.Collect$$$$0000000A)
    .ARM.Collect$$$$0000000B                 0x080000f4   Section        8  entry9a.o(.ARM.Collect$$$$0000000B)
    .ARM.Collect$$$$0000000D                 0x080000fc   Section        0  entry10a.o(.ARM.Collect$$$$0000000D)
    .ARM.Collect$$$$0000000F                 0x080000fc   Section        0  entry11a.o(.ARM.Collect$$$$0000000F)
    .ARM.Collect$$$$00002712                 0x080000fc   Section        4  entry2.o(.ARM.Collect$$$$00002712)
    __lit__00000000                          0x080000fc   Data           4  entry2.o(.ARM.Collect$$$$00002712)
    .text                                    0x08000100   Section       36  startup_stm32f103xb.o(.text)
    .text                                    0x08000124   Section        0  memcpya.o(.text)
    .text                                    0x08000148   Section        0  fdiv.o(.text)
    .text                                    0x080001c4   Section        0  dadd.o(.text)
    .text                                    0x08000312   Section        0  dmul.o(.text)
    .text                                    0x080003f6   Section        0  ddiv.o(.text)
    .text                                    0x080004d4   Section        0  ffltui.o(.text)
    .text                                    0x080004de   Section        0  dflti.o(.text)
    .text                                    0x08000500   Section        0  ffixui.o(.text)
    .text                                    0x08000528   Section        0  dfixi.o(.text)
    .text                                    0x08000566   Section        0  f2d.o(.text)
    .text                                    0x0800058c   Section       48  cdcmple.o(.text)
    .text                                    0x080005bc   Section       48  cdrcmple.o(.text)
    .text                                    0x080005ec   Section        0  d2f.o(.text)
    .text                                    0x08000624   Section       20  cfrcmple.o(.text)
    .text                                    0x08000638   Section        0  llshl.o(.text)
    .text                                    0x08000656   Section        0  llushr.o(.text)
    .text                                    0x08000676   Section        0  llsshr.o(.text)
    .text                                    0x0800069a   Section        0  fepilogue.o(.text)
    .text                                    0x0800069a   Section        0  iusefp.o(.text)
    .text                                    0x08000708   Section        0  depilogue.o(.text)
    .text                                    0x080007c2   Section        0  dscalb.o(.text)
    .text                                    0x080007f0   Section       36  init.o(.text)
    i.Angle_Girouette                        0x08000814   Section        0  voile.o(i.Angle_Girouette)
    i.Calcul_teta                            0x08000824   Section        0  voile.o(i.Calcul_teta)
    i.Config_GPIO                            0x080008a0   Section        0  voile.o(i.Config_GPIO)
    i.Config_TIM                             0x08000968   Section        0  voile.o(i.Config_TIM)
    i.Config_girouette                       0x08000a4c   Section        0  voile.o(i.Config_girouette)
    i.Config_voiles                          0x08000a68   Section        0  voile.o(i.Config_voiles)
    i.Gestion_Index                          0x08000a84   Section        0  voile.o(i.Gestion_Index)
    i.LL_ADC_IsActiveFlag_EOS                0x08000ab8   Section        0  accelero.o(i.LL_ADC_IsActiveFlag_EOS)
    LL_ADC_IsActiveFlag_EOS                  0x08000ab9   Thumb Code    10  accelero.o(i.LL_ADC_IsActiveFlag_EOS)
    i.LL_ADC_IsEnabled                       0x08000ac2   Section        0  stm32f1xx_ll_adc.o(i.LL_ADC_IsEnabled)
    LL_ADC_IsEnabled                         0x08000ac3   Thumb Code    10  stm32f1xx_ll_adc.o(i.LL_ADC_IsEnabled)
    i.LL_ADC_REG_Init                        0x08000acc   Section        0  stm32f1xx_ll_adc.o(i.LL_ADC_REG_Init)
    i.LL_ADC_REG_SetSequencerRanks           0x08000cc4   Section        0  accelero.o(i.LL_ADC_REG_SetSequencerRanks)
    LL_ADC_REG_SetSequencerRanks             0x08000cc5   Thumb Code    56  accelero.o(i.LL_ADC_REG_SetSequencerRanks)
    i.LL_ADC_REG_StartConversionSWStart      0x08000cfc   Section        0  accelero.o(i.LL_ADC_REG_StartConversionSWStart)
    LL_ADC_REG_StartConversionSWStart        0x08000cfd   Thumb Code    10  accelero.o(i.LL_ADC_REG_StartConversionSWStart)
    i.LL_APB1_GRP1_EnableClock               0x08000d08   Section        0  plateau.o(i.LL_APB1_GRP1_EnableClock)
    LL_APB1_GRP1_EnableClock                 0x08000d09   Thumb Code    24  plateau.o(i.LL_APB1_GRP1_EnableClock)
    i.LL_APB2_GRP1_EnableClock               0x08000d24   Section        0  voile.o(i.LL_APB2_GRP1_EnableClock)
    LL_APB2_GRP1_EnableClock                 0x08000d25   Thumb Code    24  voile.o(i.LL_APB2_GRP1_EnableClock)
    i.LL_APB2_GRP1_EnableClock               0x08000d40   Section        0  accelero.o(i.LL_APB2_GRP1_EnableClock)
    LL_APB2_GRP1_EnableClock                 0x08000d41   Thumb Code    24  accelero.o(i.LL_APB2_GRP1_EnableClock)
    i.LL_APB2_GRP1_EnableClock               0x08000d5c   Section        0  plateau.o(i.LL_APB2_GRP1_EnableClock)
    LL_APB2_GRP1_EnableClock                 0x08000d5d   Thumb Code    24  plateau.o(i.LL_APB2_GRP1_EnableClock)
    i.LL_GPIO_Init                           0x08000d78   Section        0  stm32f1xx_ll_gpio.o(i.LL_GPIO_Init)
    i.LL_GPIO_SetPinMode                     0x08000f70   Section        0  voile.o(i.LL_GPIO_SetPinMode)
    LL_GPIO_SetPinMode                       0x08000f71   Thumb Code    44  voile.o(i.LL_GPIO_SetPinMode)
    i.LL_GPIO_SetPinMode                     0x08000f9c   Section        0  accelero.o(i.LL_GPIO_SetPinMode)
    LL_GPIO_SetPinMode                       0x08000f9d   Thumb Code    44  accelero.o(i.LL_GPIO_SetPinMode)
    i.LL_GPIO_SetPinMode                     0x08000fc8   Section        0  plateau.o(i.LL_GPIO_SetPinMode)
    LL_GPIO_SetPinMode                       0x08000fc9   Thumb Code    44  plateau.o(i.LL_GPIO_SetPinMode)
    i.LL_Init1msTick                         0x08000ff4   Section        0  stm32f1xx_ll_utils.o(i.LL_Init1msTick)
    i.LL_SetSystemCoreClock                  0x08001010   Section        0  stm32f1xx_ll_utils.o(i.LL_SetSystemCoreClock)
    i.LL_TIM_DisableCounter                  0x0800101c   Section        0  plateau.o(i.LL_TIM_DisableCounter)
    LL_TIM_DisableCounter                    0x0800101d   Thumb Code    10  plateau.o(i.LL_TIM_DisableCounter)
    i.LL_TIM_ENCODER_Init                    0x08001028   Section        0  stm32f1xx_ll_tim.o(i.LL_TIM_ENCODER_Init)
    i.LL_TIM_EnableCounter                   0x080012d8   Section        0  voile.o(i.LL_TIM_EnableCounter)
    LL_TIM_EnableCounter                     0x080012d9   Thumb Code    10  voile.o(i.LL_TIM_EnableCounter)
    i.LL_TIM_Init                            0x080012e4   Section        0  stm32f1xx_ll_tim.o(i.LL_TIM_Init)
    i.LL_TIM_OC_SetMode                      0x080013f8   Section        0  voile.o(i.LL_TIM_OC_SetMode)
    LL_TIM_OC_SetMode                        0x080013f9   Thumb Code    98  voile.o(i.LL_TIM_OC_SetMode)
    i.LL_TIM_OC_SetMode                      0x08001464   Section        0  plateau.o(i.LL_TIM_OC_SetMode)
    LL_TIM_OC_SetMode                        0x08001465   Thumb Code    98  plateau.o(i.LL_TIM_OC_SetMode)
    i.LL_TIM_SetAutoReload                   0x080014d0   Section        0  voile.o(i.LL_TIM_SetAutoReload)
    LL_TIM_SetAutoReload                     0x080014d1   Thumb Code     4  voile.o(i.LL_TIM_SetAutoReload)
    i.LL_USART_SetBaudRate                   0x080014d4   Section        0  accelero.o(i.LL_USART_SetBaudRate)
    LL_USART_SetBaudRate                     0x080014d5   Thumb Code   158  accelero.o(i.LL_USART_SetBaudRate)
    i.MyTimer_Conf                           0x08001574   Section        0  plateau.o(i.MyTimer_Conf)
    i.MyTimer_Start                          0x080015e8   Section        0  plateau.o(i.MyTimer_Start)
    i.Run_Vent                               0x080015f6   Section        0  voile.o(i.Run_Vent)
    i.Set_Voile                              0x0800161c   Section        0  voile.o(i.Set_Voile)
    i.SystemClock_Config                     0x0800162c   Section        0  main.o(i.SystemClock_Config)
    i.SystemInit                             0x0800170c   Section        0  system_stm32f1xx.o(i.SystemInit)
    i.UART_Send                              0x08001764   Section        0  accelero.o(i.UART_Send)
    i.__ARM_fpclassify                       0x0800177a   Section        0  fpclassify.o(i.__ARM_fpclassify)
    i.__kernel_poly                          0x080017a2   Section        0  poly.o(i.__kernel_poly)
    i.__mathlib_dbl_infnan                   0x0800184c   Section        0  dunder.o(i.__mathlib_dbl_infnan)
    i.__mathlib_dbl_underflow                0x08001854   Section        0  dunder.o(i.__mathlib_dbl_underflow)
    i.__scatterload_copy                     0x08001864   Section       14  handlers.o(i.__scatterload_copy)
    i.__scatterload_null                     0x08001872   Section        2  handlers.o(i.__scatterload_null)
    i.__scatterload_zeroinit                 0x08001874   Section       14  handlers.o(i.__scatterload_zeroinit)
    i.adc_gpio_conf                          0x08001884   Section        0  accelero.o(i.adc_gpio_conf)
    i.assert_failed                          0x080018f4   Section        0  main.o(i.assert_failed)
    i.atan                                   0x080018f8   Section        0  atan.o(i.atan)
    i.commander_plateau                      0x08001b18   Section        0  plateau.o(i.commander_plateau)
    i.commander_vitesse_moteur               0x08001bec   Section        0  plateau.o(i.commander_vitesse_moteur)
    i.conf_capture_pwm_input                 0x08001c30   Section        0  plateau.o(i.conf_capture_pwm_input)
    i.conf_commande_pwm_output               0x08001cc8   Section        0  plateau.o(i.conf_commande_pwm_output)
    i.config_plateau                         0x08001d08   Section        0  plateau.o(i.config_plateau)
    i.isBattLow                              0x08001d48   Section        0  accelero.o(i.isBattLow)
    i.lvlBatt                                0x08001d70   Section        0  accelero.o(i.lvlBatt)
    i.main                                   0x08001df4   Section        0  main.o(i.main)
    i.read_adc_angle                         0x08001e3c   Section        0  accelero.o(i.read_adc_angle)
    i.sendAlerte                             0x08001fa0   Section        0  accelero.o(i.sendAlerte)
    i.start_adc                              0x08002010   Section        0  accelero.o(i.start_adc)
    i.sup45                                  0x08002028   Section        0  accelero.o(i.sup45)
    i.uart_conf                              0x08002044   Section        0  accelero.o(i.uart_conf)
    .constdata                               0x0800209c   Section       35  voile.o(.constdata)
    OFFSET_TAB_CCMRx                         0x0800209c   Data           7  voile.o(.constdata)
    SHIFT_TAB_OCxx                           0x080020a3   Data           7  voile.o(.constdata)
    SHIFT_TAB_ICxx                           0x080020aa   Data           7  voile.o(.constdata)
    SHIFT_TAB_CCxP                           0x080020b1   Data           7  voile.o(.constdata)
    SHIFT_TAB_OISx                           0x080020b8   Data           7  voile.o(.constdata)
    .constdata                               0x080020c0   Section       20  accelero.o(.constdata)
    .constdata                               0x080020d4   Section       35  plateau.o(.constdata)
    OFFSET_TAB_CCMRx                         0x080020d4   Data           7  plateau.o(.constdata)
    SHIFT_TAB_OCxx                           0x080020db   Data           7  plateau.o(.constdata)
    SHIFT_TAB_ICxx                           0x080020e2   Data           7  plateau.o(.constdata)
    SHIFT_TAB_CCxP                           0x080020e9   Data           7  plateau.o(.constdata)
    SHIFT_TAB_OISx                           0x080020f0   Data           7  plateau.o(.constdata)
    .constdata                               0x080020f8   Section      152  atan.o(.constdata)
    atanhi                                   0x080020f8   Data          32  atan.o(.constdata)
    atanlo                                   0x08002118   Data          32  atan.o(.constdata)
    aTodd                                    0x08002138   Data          40  atan.o(.constdata)
    aTeven                                   0x08002160   Data          48  atan.o(.constdata)
    .data                                    0x20000000   Section        4  system_stm32f1xx.o(.data)
    STACK                                    0x20000008   Section     1024  startup_stm32f103xb.o(STACK)

    Global Symbols

    Symbol Name                              Value     Ov Type        Size  Object(Section)

    BuildAttributes$$THM_ISAv4$P$D$K$B$S$PE$A:L22UL41UL21$X:L11$S22US41US21$IEEE1$IW$USESV6$~STKCKD$USESV7$~SHL$OTIME$ROPI$IEEEX$EBA8$MICROLIB$REQ8$PRES8$EABIv2 0x00000000   Number         0  anon$$obj.o ABSOLUTE
    __ARM_use_no_argv                        0x00000000   Number         0  main.o ABSOLUTE
    __cpp_initialize__aeabi_                  - Undefined Weak Reference
    __cxa_finalize                            - Undefined Weak Reference
    __decompress                              - Undefined Weak Reference
    _clock_init                               - Undefined Weak Reference
    _microlib_exit                            - Undefined Weak Reference
    __Vectors_Size                           0x000000ec   Number         0  startup_stm32f103xb.o ABSOLUTE
    __Vectors                                0x08000000   Data           4  startup_stm32f103xb.o(RESET)
    __Vectors_End                            0x080000ec   Data           0  startup_stm32f103xb.o(RESET)
    __main                                   0x080000ed   Thumb Code     0  entry.o(.ARM.Collect$$$$00000000)
    _main_stk                                0x080000ed   Thumb Code     0  entry2.o(.ARM.Collect$$$$00000001)
    _main_scatterload                        0x080000f1   Thumb Code     0  entry5.o(.ARM.Collect$$$$00000004)
    __main_after_scatterload                 0x080000f5   Thumb Code     0  entry5.o(.ARM.Collect$$$$00000004)
    _main_clock                              0x080000f5   Thumb Code     0  entry7b.o(.ARM.Collect$$$$00000008)
    _main_cpp_init                           0x080000f5   Thumb Code     0  entry8b.o(.ARM.Collect$$$$0000000A)
    _main_init                               0x080000f5   Thumb Code     0  entry9a.o(.ARM.Collect$$$$0000000B)
    __rt_final_cpp                           0x080000fd   Thumb Code     0  entry10a.o(.ARM.Collect$$$$0000000D)
    __rt_final_exit                          0x080000fd   Thumb Code     0  entry11a.o(.ARM.Collect$$$$0000000F)
    Reset_Handler                            0x08000101   Thumb Code     8  startup_stm32f103xb.o(.text)
    NMI_Handler                              0x08000109   Thumb Code     2  startup_stm32f103xb.o(.text)
    HardFault_Handler                        0x0800010b   Thumb Code     2  startup_stm32f103xb.o(.text)
    MemManage_Handler                        0x0800010d   Thumb Code     2  startup_stm32f103xb.o(.text)
    BusFault_Handler                         0x0800010f   Thumb Code     2  startup_stm32f103xb.o(.text)
    UsageFault_Handler                       0x08000111   Thumb Code     2  startup_stm32f103xb.o(.text)
    SVC_Handler                              0x08000113   Thumb Code     2  startup_stm32f103xb.o(.text)
    DebugMon_Handler                         0x08000115   Thumb Code     2  startup_stm32f103xb.o(.text)
    PendSV_Handler                           0x08000117   Thumb Code     2  startup_stm32f103xb.o(.text)
    SysTick_Handler                          0x08000119   Thumb Code     2  startup_stm32f103xb.o(.text)
    ADC1_2_IRQHandler                        0x0800011b   Thumb Code     0  startup_stm32f103xb.o(.text)
    CAN1_RX1_IRQHandler                      0x0800011b   Thumb Code     0  startup_stm32f103xb.o(.text)
    CAN1_SCE_IRQHandler                      0x0800011b   Thumb Code     0  startup_stm32f103xb.o(.text)
    DMA1_Channel1_IRQHandler                 0x0800011b   Thumb Code     0  startup_stm32f103xb.o(.text)
    DMA1_Channel2_IRQHandler                 0x0800011b   Thumb Code     0  startup_stm32f103xb.o(.text)
    DMA1_Channel3_IRQHandler                 0x0800011b   Thumb Code     0  startup_stm32f103xb.o(.text)
    DMA1_Channel4_IRQHandler                 0x0800011b   Thumb Code     0  startup_stm32f103xb.o(.text)
    DMA1_Channel5_IRQHandler                 0x0800011b   Thumb Code     0  startup_stm32f103xb.o(.text)
    DMA1_Channel6_IRQHandler                 0x0800011b   Thumb Code     0  startup_stm32f103xb.o(.text)
    DMA1_Channel7_IRQHandler                 0x0800011b   Thumb Code     0  startup_stm32f103xb.o(.text)
    EXTI0_IRQHandler                         0x0800011b   Thumb Code     0  startup_stm32f103xb.o(.text)
    EXTI15_10_IRQHandler                     0x0800011b   Thumb Code     0  startup_stm32f103xb.o(.text)
    EXTI1_IRQHandler                         0x0800011b   Thumb Code     0  startup_stm32f103xb.o(.text)
    EXTI2_IRQHandler                         0x0800011b   Thumb Code     0  startup_stm32f103xb.o(.text)
    EXTI3_IRQHandler                         0x0800011b   Thumb Code     0  startup_stm32f103xb.o(.text)
    EXTI4_IRQHandler                         0x0800011b   Thumb Code     0  startup_stm32f103xb.o(.text)
    EXTI9_5_IRQHandler                       0x0800011b   Thumb Code     0  startup_stm32f103xb.o(.text)
    FLASH_IRQHandler                         0x0800011b   Thumb Code     0  startup_stm32f103xb.o(.text)
    I2C1_ER_IRQHandler                       0x0800011b   Thumb Code     0  startup_stm32f103xb.o(.text)
    I2C1_EV_IRQHandler                       0x0800011b   Thumb Code     0  startup_stm32f103xb.o(.text)
    I2C2_ER_IRQHandler                       0x0800011b   Thumb Code     0  startup_stm32f103xb.o(.text)
    I2C2_EV_IRQHandler                       0x0800011b   Thumb Code     0  startup_stm32f103xb.o(.text)
    PVD_IRQHandler                           0x0800011b   Thumb Code     0  startup_stm32f103xb.o(.text)
    RCC_IRQHandler                           0x0800011b   Thumb Code     0  startup_stm32f103xb.o(.text)
    RTC_Alarm_IRQHandler                     0x0800011b   Thumb Code     0  startup_stm32f103xb.o(.text)
    RTC_IRQHandler                           0x0800011b   Thumb Code     0  startup_stm32f103xb.o(.text)
    SPI1_IRQHandler                          0x0800011b   Thumb Code     0  startup_stm32f103xb.o(.text)
    SPI2_IRQHandler                          0x0800011b   Thumb Code     0  startup_stm32f103xb.o(.text)
    TAMPER_IRQHandler                        0x0800011b   Thumb Code     0  startup_stm32f103xb.o(.text)
    TIM1_BRK_IRQHandler                      0x0800011b   Thumb Code     0  startup_stm32f103xb.o(.text)
    TIM1_CC_IRQHandler                       0x0800011b   Thumb Code     0  startup_stm32f103xb.o(.text)
    TIM1_TRG_COM_IRQHandler                  0x0800011b   Thumb Code     0  startup_stm32f103xb.o(.text)
    TIM1_UP_IRQHandler                       0x0800011b   Thumb Code     0  startup_stm32f103xb.o(.text)
    TIM2_IRQHandler                          0x0800011b   Thumb Code     0  startup_stm32f103xb.o(.text)
    TIM3_IRQHandler                          0x0800011b   Thumb Code     0  startup_stm32f103xb.o(.text)
    TIM4_IRQHandler                          0x0800011b   Thumb Code     0  startup_stm32f103xb.o(.text)
    USART1_IRQHandler                        0x0800011b   Thumb Code     0  startup_stm32f103xb.o(.text)
    USART2_IRQHandler                        0x0800011b   Thumb Code     0  startup_stm32f103xb.o(.text)
    USART3_IRQHandler                        0x0800011b   Thumb Code     0  startup_stm32f103xb.o(.text)
    USBWakeUp_IRQHandler                     0x0800011b   Thumb Code     0  startup_stm32f103xb.o(.text)
    USB_HP_CAN1_TX_IRQHandler                0x0800011b   Thumb Code     0  startup_stm32f103xb.o(.text)
    USB_LP_CAN1_RX0_IRQHandler               0x0800011b   Thumb Code     0  startup_stm32f103xb.o(.text)
    WWDG_IRQHandler                          0x0800011b   Thumb Code     0  startup_stm32f103xb.o(.text)
    __aeabi_memcpy                           0x08000125   Thumb Code    36  memcpya.o(.text)
    __aeabi_memcpy4                          0x08000125   Thumb Code     0  memcpya.o(.text)
    __aeabi_memcpy8                          0x08000125   Thumb Code     0  memcpya.o(.text)
    __aeabi_fdiv                             0x08000149   Thumb Code   124  fdiv.o(.text)
    __aeabi_dadd                             0x080001c5   Thumb Code   322  dadd.o(.text)
    __aeabi_dsub                             0x08000307   Thumb Code     6  dadd.o(.text)
    __aeabi_drsub                            0x0800030d   Thumb Code     6  dadd.o(.text)
    __aeabi_dmul                             0x08000313   Thumb Code   228  dmul.o(.text)
    __aeabi_ddiv                             0x080003f7   Thumb Code   222  ddiv.o(.text)
    __aeabi_ui2f                             0x080004d5   Thumb Code    10  ffltui.o(.text)
    __aeabi_i2d                              0x080004df   Thumb Code    34  dflti.o(.text)
    __aeabi_f2uiz                            0x08000501   Thumb Code    40  ffixui.o(.text)
    __aeabi_d2iz                             0x08000529   Thumb Code    62  dfixi.o(.text)
    __aeabi_f2d                              0x08000567   Thumb Code    38  f2d.o(.text)
    __aeabi_cdcmpeq                          0x0800058d   Thumb Code     0  cdcmple.o(.text)
    __aeabi_cdcmple                          0x0800058d   Thumb Code    48  cdcmple.o(.text)
    __aeabi_cdrcmple                         0x080005bd   Thumb Code    48  cdrcmple.o(.text)
    __aeabi_d2f                              0x080005ed   Thumb Code    56  d2f.o(.text)
    __aeabi_cfrcmple                         0x08000625   Thumb Code    20  cfrcmple.o(.text)
    __aeabi_llsl                             0x08000639   Thumb Code    30  llshl.o(.text)
    _ll_shift_l                              0x08000639   Thumb Code     0  llshl.o(.text)
    __aeabi_llsr                             0x08000657   Thumb Code    32  llushr.o(.text)
    _ll_ushift_r                             0x08000657   Thumb Code     0  llushr.o(.text)
    __aeabi_lasr                             0x08000677   Thumb Code    36  llsshr.o(.text)
    _ll_sshift_r                             0x08000677   Thumb Code     0  llsshr.o(.text)
    __I$use$fp                               0x0800069b   Thumb Code     0  iusefp.o(.text)
    _float_round                             0x0800069b   Thumb Code    18  fepilogue.o(.text)
    _float_epilogue                          0x080006ad   Thumb Code    92  fepilogue.o(.text)
    _double_round                            0x08000709   Thumb Code    30  depilogue.o(.text)
    _double_epilogue                         0x08000727   Thumb Code   156  depilogue.o(.text)
    __ARM_scalbn                             0x080007c3   Thumb Code    46  dscalb.o(.text)
    scalbn                                   0x080007c3   Thumb Code     0  dscalb.o(.text)
    __scatterload                            0x080007f1   Thumb Code    28  init.o(.text)
    __scatterload_rt2                        0x080007f1   Thumb Code     0  init.o(.text)
    Angle_Girouette                          0x08000815   Thumb Code    10  voile.o(i.Angle_Girouette)
    Calcul_teta                              0x08000825   Thumb Code   104  voile.o(i.Calcul_teta)
    Config_GPIO                              0x080008a1   Thumb Code   182  voile.o(i.Config_GPIO)
    Config_TIM                               0x08000969   Thumb Code   216  voile.o(i.Config_TIM)
    Config_girouette                         0x08000a4d   Thumb Code    18  voile.o(i.Config_girouette)
    Config_voiles                            0x08000a69   Thumb Code    18  voile.o(i.Config_voiles)
    Gestion_Index                            0x08000a85   Thumb Code    42  voile.o(i.Gestion_Index)
    LL_ADC_REG_Init                          0x08000acd   Thumb Code   454  stm32f1xx_ll_adc.o(i.LL_ADC_REG_Init)
    LL_GPIO_Init                             0x08000d79   Thumb Code   442  stm32f1xx_ll_gpio.o(i.LL_GPIO_Init)
    LL_Init1msTick                           0x08000ff5   Thumb Code    28  stm32f1xx_ll_utils.o(i.LL_Init1msTick)
    LL_SetSystemCoreClock                    0x08001011   Thumb Code     6  stm32f1xx_ll_utils.o(i.LL_SetSystemCoreClock)
    LL_TIM_ENCODER_Init                      0x08001029   Thumb Code   640  stm32f1xx_ll_tim.o(i.LL_TIM_ENCODER_Init)
    LL_TIM_Init                              0x080012e5   Thumb Code   228  stm32f1xx_ll_tim.o(i.LL_TIM_Init)
    MyTimer_Conf                             0x08001575   Thumb Code   106  plateau.o(i.MyTimer_Conf)
    MyTimer_Start                            0x080015e9   Thumb Code    14  plateau.o(i.MyTimer_Start)
    Run_Vent                                 0x080015f7   Thumb Code    36  voile.o(i.Run_Vent)
    Set_Voile                                0x0800161d   Thumb Code    12  voile.o(i.Set_Voile)
    SystemClock_Config                       0x0800162d   Thumb Code   212  main.o(i.SystemClock_Config)
    SystemInit                               0x0800170d   Thumb Code    70  system_stm32f1xx.o(i.SystemInit)
    UART_Send                                0x08001765   Thumb Code    22  accelero.o(i.UART_Send)
    __ARM_fpclassify                         0x0800177b   Thumb Code    40  fpclassify.o(i.__ARM_fpclassify)
    __kernel_poly                            0x080017a3   Thumb Code   170  poly.o(i.__kernel_poly)
    __mathlib_dbl_infnan                     0x0800184d   Thumb Code     6  dunder.o(i.__mathlib_dbl_infnan)
    __mathlib_dbl_underflow                  0x08001855   Thumb Code    10  dunder.o(i.__mathlib_dbl_underflow)
    __scatterload_copy                       0x08001865   Thumb Code    14  handlers.o(i.__scatterload_copy)
    __scatterload_null                       0x08001873   Thumb Code     2  handlers.o(i.__scatterload_null)
    __scatterload_zeroinit                   0x08001875   Thumb Code    14  handlers.o(i.__scatterload_zeroinit)
    adc_gpio_conf                            0x08001885   Thumb Code    94  accelero.o(i.adc_gpio_conf)
    assert_failed                            0x080018f5   Thumb Code     4  main.o(i.assert_failed)
    atan                                     0x080018f9   Thumb Code   474  atan.o(i.atan)
    commander_plateau                        0x08001b19   Thumb Code   190  plateau.o(i.commander_plateau)
    commander_vitesse_moteur                 0x08001bed   Thumb Code    60  plateau.o(i.commander_vitesse_moteur)
    conf_capture_pwm_input                   0x08001c31   Thumb Code   142  plateau.o(i.conf_capture_pwm_input)
    conf_commande_pwm_output                 0x08001cc9   Thumb Code    60  plateau.o(i.conf_commande_pwm_output)
    config_plateau                           0x08001d09   Thumb Code    58  plateau.o(i.config_plateau)
    isBattLow                                0x08001d49   Thumb Code    34  accelero.o(i.isBattLow)
    lvlBatt                                  0x08001d71   Thumb Code   112  accelero.o(i.lvlBatt)
    main                                     0x08001df5   Thumb Code    72  main.o(i.main)
    read_adc_angle                           0x08001e3d   Thumb Code   318  accelero.o(i.read_adc_angle)
    sendAlerte                               0x08001fa1   Thumb Code    72  accelero.o(i.sendAlerte)
    start_adc                                0x08002011   Thumb Code    18  accelero.o(i.start_adc)
    sup45                                    0x08002029   Thumb Code    22  accelero.o(i.sup45)
    uart_conf                                0x08002045   Thumb Code    70  accelero.o(i.uart_conf)
    Region$$Table$$Base                      0x08002190   Number         0  anon$$obj.o(Region$$Table)
    Region$$Table$$Limit                     0x080021b0   Number         0  anon$$obj.o(Region$$Table)
    SystemCoreClock                          0x20000000   Data           4  system_stm32f1xx.o(.data)
    __initial_sp                             0x20000408   Data           0  startup_stm32f103xb.o(STACK)



==============================================================================

Memory Map of the image

  Image Entry point : 0x080000ed

  Load Region LR_IROM1 (Base: 0x08000000, Size: 0x000021b4, Max: 0x00020000, ABSOLUTE)

    Execution Region ER_IROM1 (Exec base: 0x08000000, Load base: 0x08000000, Size: 0x000021b0, Max: 0x00020000, ABSOLUTE)

    Exec Addr    Load Addr    Size         Type   Attr      Idx    E Section Name        Object

    0x08000000   0x08000000   0x000000ec   Data   RO         1140    RESET               startup_stm32f103xb.o
    0x080000ec   0x080000ec   0x00000000   Code   RO         1155  * .ARM.Collect$$$$00000000  mc_w.l(entry.o)
    0x080000ec   0x080000ec   0x00000004   Code   RO         1208    .ARM.Collect$$$$00000001  mc_w.l(entry2.o)
    0x080000f0   0x080000f0   0x00000004   Code   RO         1211    .ARM.Collect$$$$00000004  mc_w.l(entry5.o)
    0x080000f4   0x080000f4   0x00000000   Code   RO         1213    .ARM.Collect$$$$00000008  mc_w.l(entry7b.o)
    0x080000f4   0x080000f4   0x00000000   Code   RO         1215    .ARM.Collect$$$$0000000A  mc_w.l(entry8b.o)
    0x080000f4   0x080000f4   0x00000008   Code   RO         1216    .ARM.Collect$$$$0000000B  mc_w.l(entry9a.o)
    0x080000fc   0x080000fc   0x00000000   Code   RO         1218    .ARM.Collect$$$$0000000D  mc_w.l(entry10a.o)
    0x080000fc   0x080000fc   0x00000000   Code   RO         1220    .ARM.Collect$$$$0000000F  mc_w.l(entry11a.o)
    0x080000fc   0x080000fc   0x00000004   Code   RO         1209    .ARM.Collect$$$$00002712  mc_w.l(entry2.o)
    0x08000100   0x08000100   0x00000024   Code   RO         1141    .text               startup_stm32f103xb.o
    0x08000124   0x08000124   0x00000024   Code   RO         1158    .text               mc_w.l(memcpya.o)
    0x08000148   0x08000148   0x0000007c   Code   RO         1162    .text               mf_w.l(fdiv.o)
    0x080001c4   0x080001c4   0x0000014e   Code   RO         1164    .text               mf_w.l(dadd.o)
    0x08000312   0x08000312   0x000000e4   Code   RO         1166    .text               mf_w.l(dmul.o)
    0x080003f6   0x080003f6   0x000000de   Code   RO         1168    .text               mf_w.l(ddiv.o)
    0x080004d4   0x080004d4   0x0000000a   Code   RO         1170    .text               mf_w.l(ffltui.o)
    0x080004de   0x080004de   0x00000022   Code   RO         1172    .text               mf_w.l(dflti.o)
    0x08000500   0x08000500   0x00000028   Code   RO         1174    .text               mf_w.l(ffixui.o)
    0x08000528   0x08000528   0x0000003e   Code   RO         1176    .text               mf_w.l(dfixi.o)
    0x08000566   0x08000566   0x00000026   Code   RO         1178    .text               mf_w.l(f2d.o)
    0x0800058c   0x0800058c   0x00000030   Code   RO         1180    .text               mf_w.l(cdcmple.o)
    0x080005bc   0x080005bc   0x00000030   Code   RO         1182    .text               mf_w.l(cdrcmple.o)
    0x080005ec   0x080005ec   0x00000038   Code   RO         1184    .text               mf_w.l(d2f.o)
    0x08000624   0x08000624   0x00000014   Code   RO         1188    .text               mf_w.l(cfrcmple.o)
    0x08000638   0x08000638   0x0000001e   Code   RO         1222    .text               mc_w.l(llshl.o)
    0x08000656   0x08000656   0x00000020   Code   RO         1224    .text               mc_w.l(llushr.o)
    0x08000676   0x08000676   0x00000024   Code   RO         1226    .text               mc_w.l(llsshr.o)
    0x0800069a   0x0800069a   0x00000000   Code   RO         1228    .text               mc_w.l(iusefp.o)
    0x0800069a   0x0800069a   0x0000006e   Code   RO         1229    .text               mf_w.l(fepilogue.o)
    0x08000708   0x08000708   0x000000ba   Code   RO         1231    .text               mf_w.l(depilogue.o)
    0x080007c2   0x080007c2   0x0000002e   Code   RO         1233    .text               mf_w.l(dscalb.o)
    0x080007f0   0x080007f0   0x00000024   Code   RO         1235    .text               mc_w.l(init.o)
    0x08000814   0x08000814   0x00000010   Code   RO          117    i.Angle_Girouette   voile.o
    0x08000824   0x08000824   0x0000007c   Code   RO          118    i.Calcul_teta       voile.o
    0x080008a0   0x080008a0   0x000000c8   Code   RO          119    i.Config_GPIO       voile.o
    0x08000968   0x08000968   0x000000e4   Code   RO          120    i.Config_TIM        voile.o
    0x08000a4c   0x08000a4c   0x0000001c   Code   RO          121    i.Config_girouette  voile.o
    0x08000a68   0x08000a68   0x0000001c   Code   RO          122    i.Config_voiles     voile.o
    0x08000a84   0x08000a84   0x00000034   Code   RO          123    i.Gestion_Index     voile.o
    0x08000ab8   0x08000ab8   0x0000000a   Code   RO          231    i.LL_ADC_IsActiveFlag_EOS  accelero.o
    0x08000ac2   0x08000ac2   0x0000000a   Code   RO          858    i.LL_ADC_IsEnabled  stm32f1xx_ll_adc.o
    0x08000acc   0x08000acc   0x000001f8   Code   RO          859    i.LL_ADC_REG_Init   stm32f1xx_ll_adc.o
    0x08000cc4   0x08000cc4   0x00000038   Code   RO          232    i.LL_ADC_REG_SetSequencerRanks  accelero.o
    0x08000cfc   0x08000cfc   0x0000000a   Code   RO          233    i.LL_ADC_REG_StartConversionSWStart  accelero.o
    0x08000d06   0x08000d06   0x00000002   PAD
    0x08000d08   0x08000d08   0x0000001c   Code   RO          361    i.LL_APB1_GRP1_EnableClock  plateau.o
    0x08000d24   0x08000d24   0x0000001c   Code   RO          124    i.LL_APB2_GRP1_EnableClock  voile.o
    0x08000d40   0x08000d40   0x0000001c   Code   RO          234    i.LL_APB2_GRP1_EnableClock  accelero.o
    0x08000d5c   0x08000d5c   0x0000001c   Code   RO          362    i.LL_APB2_GRP1_EnableClock  plateau.o
    0x08000d78   0x08000d78   0x000001f8   Code   RO          802    i.LL_GPIO_Init      stm32f1xx_ll_gpio.o
    0x08000f70   0x08000f70   0x0000002c   Code   RO          125    i.LL_GPIO_SetPinMode  voile.o
    0x08000f9c   0x08000f9c   0x0000002c   Code   RO          235    i.LL_GPIO_SetPinMode  accelero.o
    0x08000fc8   0x08000fc8   0x0000002c   Code   RO          363    i.LL_GPIO_SetPinMode  plateau.o
    0x08000ff4   0x08000ff4   0x0000001c   Code   RO          543    i.LL_Init1msTick    stm32f1xx_ll_utils.o
    0x08001010   0x08001010   0x0000000c   Code   RO          550    i.LL_SetSystemCoreClock  stm32f1xx_ll_utils.o
    0x0800101c   0x0800101c   0x0000000a   Code   RO          364    i.LL_TIM_DisableCounter  plateau.o
    0x08001026   0x08001026   0x00000002   PAD
    0x08001028   0x08001028   0x000002b0   Code   RO          649    i.LL_TIM_ENCODER_Init  stm32f1xx_ll_tim.o
    0x080012d8   0x080012d8   0x0000000a   Code   RO          126    i.LL_TIM_EnableCounter  voile.o
    0x080012e2   0x080012e2   0x00000002   PAD
    0x080012e4   0x080012e4   0x00000114   Code   RO          655    i.LL_TIM_Init       stm32f1xx_ll_tim.o
    0x080013f8   0x080013f8   0x0000006c   Code   RO          127    i.LL_TIM_OC_SetMode  voile.o
    0x08001464   0x08001464   0x0000006c   Code   RO          365    i.LL_TIM_OC_SetMode  plateau.o
    0x080014d0   0x080014d0   0x00000004   Code   RO          128    i.LL_TIM_SetAutoReload  voile.o
    0x080014d4   0x080014d4   0x0000009e   Code   RO          236    i.LL_USART_SetBaudRate  accelero.o
    0x08001572   0x08001572   0x00000002   PAD
    0x08001574   0x08001574   0x00000074   Code   RO          366    i.MyTimer_Conf      plateau.o
    0x080015e8   0x080015e8   0x0000000e   Code   RO          367    i.MyTimer_Start     plateau.o
    0x080015f6   0x080015f6   0x00000024   Code   RO          129    i.Run_Vent          voile.o
    0x0800161a   0x0800161a   0x00000002   PAD
    0x0800161c   0x0800161c   0x00000010   Code   RO          130    i.Set_Voile         voile.o
    0x0800162c   0x0800162c   0x000000e0   Code   RO            4    i.SystemClock_Config  main.o
    0x0800170c   0x0800170c   0x00000058   Code   RO         1105    i.SystemInit        system_stm32f1xx.o
    0x08001764   0x08001764   0x00000016   Code   RO          237    i.UART_Send         accelero.o
    0x0800177a   0x0800177a   0x00000028   Code   RO         1204    i.__ARM_fpclassify  m_ws.l(fpclassify.o)
    0x080017a2   0x080017a2   0x000000aa   Code   RO         1206    i.__kernel_poly     m_ws.l(poly.o)
    0x0800184c   0x0800184c   0x00000006   Code   RO         1191    i.__mathlib_dbl_infnan  m_ws.l(dunder.o)
    0x08001852   0x08001852   0x00000002   PAD
    0x08001854   0x08001854   0x00000010   Code   RO         1196    i.__mathlib_dbl_underflow  m_ws.l(dunder.o)
    0x08001864   0x08001864   0x0000000e   Code   RO         1239    i.__scatterload_copy  mc_w.l(handlers.o)
    0x08001872   0x08001872   0x00000002   Code   RO         1240    i.__scatterload_null  mc_w.l(handlers.o)
    0x08001874   0x08001874   0x0000000e   Code   RO         1241    i.__scatterload_zeroinit  mc_w.l(handlers.o)
    0x08001882   0x08001882   0x00000002   PAD
    0x08001884   0x08001884   0x00000070   Code   RO          238    i.adc_gpio_conf     accelero.o
    0x080018f4   0x080018f4   0x00000004   Code   RO            5    i.assert_failed     main.o
    0x080018f8   0x080018f8   0x00000220   Code   RO         1146    i.atan              m_ws.l(atan.o)
    0x08001b18   0x08001b18   0x000000d4   Code   RO          369    i.commander_plateau  plateau.o
    0x08001bec   0x08001bec   0x00000044   Code   RO          370    i.commander_vitesse_moteur  plateau.o
    0x08001c30   0x08001c30   0x00000098   Code   RO          371    i.conf_capture_pwm_input  plateau.o
    0x08001cc8   0x08001cc8   0x00000040   Code   RO          372    i.conf_commande_pwm_output  plateau.o
    0x08001d08   0x08001d08   0x00000040   Code   RO          373    i.config_plateau    plateau.o
    0x08001d48   0x08001d48   0x00000028   Code   RO          240    i.isBattLow         accelero.o
    0x08001d70   0x08001d70   0x00000084   Code   RO          242    i.lvlBatt           accelero.o
    0x08001df4   0x08001df4   0x00000048   Code   RO            6    i.main              main.o
    0x08001e3c   0x08001e3c   0x00000164   Code   RO          243    i.read_adc_angle    accelero.o
    0x08001fa0   0x08001fa0   0x00000070   Code   RO          244    i.sendAlerte        accelero.o
    0x08002010   0x08002010   0x00000018   Code   RO          245    i.start_adc         accelero.o
    0x08002028   0x08002028   0x0000001c   Code   RO          246    i.sup45             accelero.o
    0x08002044   0x08002044   0x00000058   Code   RO          247    i.uart_conf         accelero.o
    0x0800209c   0x0800209c   0x00000023   Data   RO          131    .constdata          voile.o
    0x080020bf   0x080020bf   0x00000001   PAD
    0x080020c0   0x080020c0   0x00000014   Data   RO          248    .constdata          accelero.o
    0x080020d4   0x080020d4   0x00000023   Data   RO          374    .constdata          plateau.o
    0x080020f7   0x080020f7   0x00000001   PAD
    0x080020f8   0x080020f8   0x00000098   Data   RO         1147    .constdata          m_ws.l(atan.o)
    0x08002190   0x08002190   0x00000020   Data   RO         1237    Region$$Table       anon$$obj.o


    Execution Region RW_IRAM1 (Exec base: 0x20000000, Load base: 0x080021b0, Size: 0x00000408, Max: 0x00005000, ABSOLUTE)

    Exec Addr    Load Addr    Size         Type   Attr      Idx    E Section Name        Object

    0x20000000   0x080021b0   0x00000004   Data   RW         1107    .data               system_stm32f1xx.o
    0x20000004   0x080021b4   0x00000004   PAD
    0x20000008        -       0x00000400   Zero   RW         1138    STACK               startup_stm32f103xb.o


==============================================================================

Image component sizes


      Code (inc. data)   RO Data    RW Data    ZI Data      Debug   Object Name

      1220        156         20          0          0      69832   accelero.o
       300         12          0          0          0     356216   main.o
       908         78         35          0          0      38955   plateau.o
        36          8        236          0       1024        760   startup_stm32f103xb.o
       514         50          0          0          0      37286   stm32f1xx_ll_adc.o
       504         62          0          0          0      10355   stm32f1xx_ll_gpio.o
       964         96          0          0          0      30028   stm32f1xx_ll_tim.o
        40          6          0          0          0       2045   stm32f1xx_ll_utils.o
        88         18          0          4          0       1111   system_stm32f1xx.o
       922        104         35          0          0      42705   voile.o

    ----------------------------------------------------------------------
      5506        590        360          4       1028     589293   Object Totals
         0          0         32          0          0          0   (incl. Generated)
        10          0          2          0          4          0   (incl. Padding)

    ----------------------------------------------------------------------

      Code (inc. data)   RO Data    RW Data    ZI Data      Debug   Library Member Name

       544         70        152          0          0        124   atan.o
        22          6          0          0          0        136   dunder.o
        40          0          0          0          0         68   fpclassify.o
       170          0          0          0          0         96   poly.o
         0          0          0          0          0          0   entry.o
         0          0          0          0          0          0   entry10a.o
         0          0          0          0          0          0   entry11a.o
         8          4          0          0          0          0   entry2.o
         4          0          0          0          0          0   entry5.o
         0          0          0          0          0          0   entry7b.o
         0          0          0          0          0          0   entry8b.o
         8          4          0          0          0          0   entry9a.o
        30          0          0          0          0          0   handlers.o
        36          8          0          0          0         68   init.o
         0          0          0          0          0          0   iusefp.o
        30          0          0          0          0         68   llshl.o
        36          0          0          0          0         68   llsshr.o
        32          0          0          0          0         68   llushr.o
        36          0          0          0          0         68   memcpya.o
        48          0          0          0          0         68   cdcmple.o
        48          0          0          0          0         68   cdrcmple.o
        20          0          0          0          0         68   cfrcmple.o
        56          0          0          0          0         88   d2f.o
       334          0          0          0          0        148   dadd.o
       222          0          0          0          0        100   ddiv.o
       186          0          0          0          0        176   depilogue.o
        62          0          0          0          0         80   dfixi.o
        34          0          0          0          0         76   dflti.o
       228          0          0          0          0         96   dmul.o
        46          0          0          0          0         80   dscalb.o
        38          0          0          0          0         68   f2d.o
       124          0          0          0          0         88   fdiv.o
       110          0          0          0          0        168   fepilogue.o
        40          0          0          0          0         68   ffixui.o
        10          0          0          0          0         68   ffltui.o

    ----------------------------------------------------------------------
      2606         92        152          0          0       2272   Library Totals
         4          0          0          0          0          0   (incl. Padding)

    ----------------------------------------------------------------------

      Code (inc. data)   RO Data    RW Data    ZI Data      Debug   Library Name

       776         76        152          0          0        424   m_ws.l
       220         16          0          0          0        340   mc_w.l
      1606          0          0          0          0       1508   mf_w.l

    ----------------------------------------------------------------------
      2606         92        152          0          0       2272   Library Totals

    ----------------------------------------------------------------------

==============================================================================


      Code (inc. data)   RO Data    RW Data    ZI Data      Debug   

      8112        682        512          4       1028     587973   Grand Totals
      8112        682        512          4       1028     587973   ELF Image Totals
      8112        682        512          4          0          0   ROM Totals

==============================================================================

    Total RO  Size (Code + RO Data)                 8624 (   8.42kB)
    Total RW  Size (RW Data + ZI Data)              1032 (   1.01kB)
    Total ROM Size (Code + RO Data + RW Data)       8628 (   8.43kB)

==============================================================================

